Component: ARM Compiler 5.06 update 6 (build 750) Tool: armlink [4d35ed]

==============================================================================

Section Cross References

    startup_stm32f10x_md.o(STACK) refers (Special) to heapauxi.o(.text) for __use_two_region_memory
    startup_stm32f10x_md.o(HEAP) refers (Special) to heapauxi.o(.text) for __use_two_region_memory
    startup_stm32f10x_md.o(RESET) refers (Special) to heapauxi.o(.text) for __use_two_region_memory
    startup_stm32f10x_md.o(RESET) refers to startup_stm32f10x_md.o(STACK) for __initial_sp
    startup_stm32f10x_md.o(RESET) refers to startup_stm32f10x_md.o(.text) for Reset_Handler
    startup_stm32f10x_md.o(RESET) refers to stm32f10x_it.o(i.NMI_Handler) for NMI_Handler
    startup_stm32f10x_md.o(RESET) refers to stm32f10x_it.o(i.HardFault_Handler) for HardFault_Handler
    startup_stm32f10x_md.o(RESET) refers to stm32f10x_it.o(i.MemManage_Handler) for MemManage_Handler
    startup_stm32f10x_md.o(RESET) refers to stm32f10x_it.o(i.BusFault_Handler) for BusFault_Handler
    startup_stm32f10x_md.o(RESET) refers to stm32f10x_it.o(i.UsageFault_Handler) for UsageFault_Handler
    startup_stm32f10x_md.o(RESET) refers to stm32f10x_it.o(i.SVC_Handler) for SVC_Handler
    startup_stm32f10x_md.o(RESET) refers to stm32f10x_it.o(i.DebugMon_Handler) for DebugMon_Handler
    startup_stm32f10x_md.o(RESET) refers to stm32f10x_it.o(i.PendSV_Handler) for PendSV_Handler
    startup_stm32f10x_md.o(RESET) refers to stm32f10x_it.o(i.SysTick_Handler) for SysTick_Handler
    startup_stm32f10x_md.o(RESET) refers to bluetooth.o(i.USART1_IRQHandler) for USART1_IRQHandler
    startup_stm32f10x_md.o(RESET) refers to bluetooth.o(i.USART2_IRQHandler) for USART2_IRQHandler
    startup_stm32f10x_md.o(RESET) refers to bluetooth.o(i.USART3_IRQHandler) for USART3_IRQHandler
    startup_stm32f10x_md.o(.text) refers (Special) to heapauxi.o(.text) for __use_two_region_memory
    startup_stm32f10x_md.o(.text) refers to system_stm32f10x.o(i.SystemInit) for SystemInit
    startup_stm32f10x_md.o(.text) refers to __main.o(!!!main) for __main
    startup_stm32f10x_md.o(.text) refers to startup_stm32f10x_md.o(HEAP) for Heap_Mem
    startup_stm32f10x_md.o(.text) refers to startup_stm32f10x_md.o(STACK) for Stack_Mem
    system_stm32f10x.o(i.SetSysClock) refers to system_stm32f10x.o(i.SetSysClockTo72) for SetSysClockTo72
    system_stm32f10x.o(i.SystemCoreClockUpdate) refers to system_stm32f10x.o(.data) for SystemCoreClock
    system_stm32f10x.o(i.SystemInit) refers to system_stm32f10x.o(i.SetSysClock) for SetSysClock
    stm32f10x_adc.o(i.ADC_DeInit) refers to stm32f10x_rcc.o(i.RCC_APB2PeriphResetCmd) for RCC_APB2PeriphResetCmd
    stm32f10x_bkp.o(i.BKP_DeInit) refers to stm32f10x_rcc.o(i.RCC_BackupResetCmd) for RCC_BackupResetCmd
    stm32f10x_can.o(i.CAN_DeInit) refers to stm32f10x_rcc.o(i.RCC_APB1PeriphResetCmd) for RCC_APB1PeriphResetCmd
    stm32f10x_can.o(i.CAN_GetITStatus) refers to stm32f10x_can.o(i.CheckITStatus) for CheckITStatus
    stm32f10x_cec.o(i.CEC_DeInit) refers to stm32f10x_rcc.o(i.RCC_APB1PeriphResetCmd) for RCC_APB1PeriphResetCmd
    stm32f10x_dac.o(i.DAC_DeInit) refers to stm32f10x_rcc.o(i.RCC_APB1PeriphResetCmd) for RCC_APB1PeriphResetCmd
    stm32f10x_flash.o(i.FLASH_EnableWriteProtection) refers to stm32f10x_flash.o(i.FLASH_WaitForLastOperation) for FLASH_WaitForLastOperation
    stm32f10x_flash.o(i.FLASH_EraseAllBank1Pages) refers to stm32f10x_flash.o(i.FLASH_WaitForLastBank1Operation) for FLASH_WaitForLastBank1Operation
    stm32f10x_flash.o(i.FLASH_EraseAllPages) refers to stm32f10x_flash.o(i.FLASH_WaitForLastOperation) for FLASH_WaitForLastOperation
    stm32f10x_flash.o(i.FLASH_EraseOptionBytes) refers to stm32f10x_flash.o(i.FLASH_GetReadOutProtectionStatus) for FLASH_GetReadOutProtectionStatus
    stm32f10x_flash.o(i.FLASH_EraseOptionBytes) refers to stm32f10x_flash.o(i.FLASH_WaitForLastOperation) for FLASH_WaitForLastOperation
    stm32f10x_flash.o(i.FLASH_ErasePage) refers to stm32f10x_flash.o(i.FLASH_WaitForLastOperation) for FLASH_WaitForLastOperation
    stm32f10x_flash.o(i.FLASH_ProgramHalfWord) refers to stm32f10x_flash.o(i.FLASH_WaitForLastOperation) for FLASH_WaitForLastOperation
    stm32f10x_flash.o(i.FLASH_ProgramOptionByteData) refers to stm32f10x_flash.o(i.FLASH_WaitForLastOperation) for FLASH_WaitForLastOperation
    stm32f10x_flash.o(i.FLASH_ProgramWord) refers to stm32f10x_flash.o(i.FLASH_WaitForLastOperation) for FLASH_WaitForLastOperation
    stm32f10x_flash.o(i.FLASH_ReadOutProtection) refers to stm32f10x_flash.o(i.FLASH_WaitForLastOperation) for FLASH_WaitForLastOperation
    stm32f10x_flash.o(i.FLASH_UserOptionByteConfig) refers to stm32f10x_flash.o(i.FLASH_WaitForLastOperation) for FLASH_WaitForLastOperation
    stm32f10x_flash.o(i.FLASH_WaitForLastBank1Operation) refers to stm32f10x_flash.o(i.FLASH_GetBank1Status) for FLASH_GetBank1Status
[...]
    Library\stm32f10x_fsmc.c                 0x00000000   Number         0  stm32f10x_fsmc.o ABSOLUTE
    Library\stm32f10x_gpio.c                 0x00000000   Number         0  stm32f10x_gpio.o ABSOLUTE
    Library\stm32f10x_i2c.c                  0x00000000   Number         0  stm32f10x_i2c.o ABSOLUTE
    Library\stm32f10x_iwdg.c                 0x00000000   Number         0  stm32f10x_iwdg.o ABSOLUTE
    Library\stm32f10x_pwr.c                  0x00000000   Number         0  stm32f10x_pwr.o ABSOLUTE
    Library\stm32f10x_rcc.c                  0x00000000   Number         0  stm32f10x_rcc.o ABSOLUTE
    Library\stm32f10x_rtc.c                  0x00000000   Number         0  stm32f10x_rtc.o ABSOLUTE
    Library\stm32f10x_sdio.c                 0x00000000   Number         0  stm32f10x_sdio.o ABSOLUTE
    Library\stm32f10x_spi.c                  0x00000000   Number         0  stm32f10x_spi.o ABSOLUTE
    Library\stm32f10x_tim.c                  0x00000000   Number         0  stm32f10x_tim.o ABSOLUTE
    Library\stm32f10x_usart.c                0x00000000   Number         0  stm32f10x_usart.o ABSOLUTE
    Library\stm32f10x_wwdg.c                 0x00000000   Number         0  stm32f10x_wwdg.o ABSOLUTE
    Start\\core_cm3.c                        0x00000000   Number         0  core_cm3.o ABSOLUTE
    Start\core_cm3.c                         0x00000000   Number         0  core_cm3.o ABSOLUTE
    Start\startup_stm32f10x_md.s             0x00000000   Number         0  startup_stm32f10x_md.o ABSOLUTE
    Start\system_stm32f10x.c                 0x00000000   Number         0  system_stm32f10x.o ABSOLUTE
    System\Delay.c                           0x00000000   Number         0  delay.o ABSOLUTE
    System\sys.c                             0x00000000   Number         0  sys.o ABSOLUTE
    User\main.c                              0x00000000   Number         0  main.o ABSOLUTE
    User\stm32f10x_it.c                      0x00000000   Number         0  stm32f10x_it.o ABSOLUTE
    dc.s                                     0x00000000   Number         0  dc.o ABSOLUTE
    RESET                                    0x08000000   Section      236  startup_stm32f10x_md.o(RESET)
    !!!main                                  0x080000ec   Section        8  __main.o(!!!main)
    !!!scatter                               0x080000f4   Section       52  __scatter.o(!!!scatter)
    !!handler_copy                           0x08000128   Section       26  __scatter_copy.o(!!handler_copy)
    !!handler_zi                             0x08000144   Section       28  __scatter_zi.o(!!handler_zi)
    .ARM.Collect$$_printf_percent$$00000000  0x08000160   Section        0  _printf_percent.o(.ARM.Collect$$_printf_percent$$00000000)
    .ARM.Collect$$_printf_percent$$00000003  0x08000160   Section        6  _printf_f.o(.ARM.Collect$$_printf_percent$$00000003)
    .ARM.Collect$$_printf_percent$$00000017  0x08000166   Section        4  _printf_percent_end.o(.ARM.Collect$$_printf_percent$$00000017)
    .ARM.Collect$$libinit$$00000000          0x0800016a   Section        2  libinit.o(.ARM.Collect$$libinit$$00000000)
    .ARM.Collect$$libinit$$00000002          0x0800016c   Section        0  libinit2.o(.ARM.Collect$$libinit$$00000002)
    .ARM.Collect$$libinit$$00000004          0x0800016c   Section        0  libinit2.o(.ARM.Collect$$libinit$$00000004)
    .ARM.Collect$$libinit$$0000000A          0x0800016c   Section        0  libinit2.o(.ARM.Collect$$libinit$$0000000A)
    .ARM.Collect$$libinit$$0000000C          0x0800016c   Section        0  libinit2.o(.ARM.Collect$$libinit$$0000000C)
    .ARM.Collect$$libinit$$0000000E          0x0800016c   Section        0  libinit2.o(.ARM.Collect$$libinit$$0000000E)
    .ARM.Collect$$libinit$$0000000F          0x0800016c   Section        6  libinit2.o(.ARM.Collect$$libinit$$0000000F)
    .ARM.Collect$$libinit$$00000011          0x08000172   Section        0  libinit2.o(.ARM.Collect$$libinit$$00000011)
    .ARM.Collect$$libinit$$00000013          0x08000172   Section        0  libinit2.o(.ARM.Collect$$libinit$$00000013)
    .ARM.Collect$$libinit$$00000015          0x08000172   Section        0  libinit2.o(.ARM.Collect$$libinit$$00000015)
    .ARM.Collect$$libinit$$00000016          0x08000172   Section       10  libinit2.o(.ARM.Collect$$libinit$$00000016)
    .ARM.Collect$$libinit$$00000017          0x0800017c   Section        0  libinit2.o(.ARM.Collect$$libinit$$00000017)
    .ARM.Collect$$libinit$$00000019          0x0800017c   Section        0  libinit2.o(.ARM.Collect$$libinit$$00000019)
    .ARM.Collect$$libinit$$0000001B          0x0800017c   Section        0  libinit2.o(.ARM.Collect$$libinit$$0000001B)
    .ARM.Collect$$libinit$$0000001D          0x0800017c   Section        0  libinit2.o(.ARM.Collect$$libinit$$0000001D)
    .ARM.Collect$$libinit$$0000001F          0x0800017c   Section        0  libinit2.o(.ARM.Collect$$libinit$$0000001F)
    .ARM.Collect$$libinit$$00000021          0x0800017c   Section        0  libinit2.o(.ARM.Collect$$libinit$$00000021)
    .ARM.Collect$$libinit$$00000023          0x0800017c   Section        0  libinit2.o(.ARM.Collect$$libinit$$00000023)
    .ARM.Collect$$libinit$$00000025          0x0800017c   Section        0  libinit2.o(.ARM.Collect$$libinit$$00000025)
    .ARM.Collect$$libinit$$0000002C          0x0800017c   Section        0  libinit2.o(.ARM.Collect$$libinit$$0000002C)
    .ARM.Collect$$libinit$$0000002E          0x0800017c   Section        0  libinit2.o(.ARM.Collect$$libinit$$0000002E)
    .ARM.Collect$$libinit$$00000030          0x0800017c   Section        0  libinit2.o(.ARM.Collect$$libinit$$00000030)
    .ARM.Collect$$libinit$$00000032          0x0800017c   Section        0  libinit2.o(.ARM.Collect$$libinit$$00000032)
    .ARM.Collect$$libinit$$00000033          0x0800017c   Section        2  libinit2.o(.ARM.Collect$$libinit$$00000033)
    .ARM.Collect$$libshutdown$$00000000      0x0800017e   Section        2  libshutdown.o(.ARM.Collect$$libshutdown$$00000000)
    .ARM.Collect$$libshutdown$$00000002      0x08000180   Section        0  libshutdown2.o(.ARM.Collect$$libshutdown$$00000002)
    .ARM.Collect$$libshutdown$$00000004      0x08000180   Section        0  libshutdown2.o(.ARM.Collect$$libshutdown$$00000004)
    .ARM.Collect$$libshutdown$$00000007      0x08000180   Section        0  libshutdown2.o(.ARM.Collect$$libshutdown$$00000007)
    .ARM.Collect$$libshutdown$$0000000A      0x08000180   Section        0  libshutdown2.o(.ARM.Collect$$libshutdown$$0000000A)
    .ARM.Collect$$libshutdown$$0000000C      0x08000180   Section        0  libshutdown2.o(.ARM.Collect$$libshutdown$$0000000C)
    .ARM.Collect$$libshutdown$$0000000F      0x08000180   Section        0  libshutdown2.o(.ARM.Collect$$libshutdown$$0000000F)
    .ARM.Collect$$libshutdown$$00000010      0x08000180   Section        2  libshutdown2.o(.ARM.Collect$$libshutdown$$00000010)
    .ARM.Collect$$rtentry$$00000000          0x08000182   Section        0  __rtentry.o(.ARM.Collect$$rtentry$$00000000)
    .ARM.Collect$$rtentry$$00000002          0x08000182   Section        0  __rtentry2.o(.ARM.Collect$$rtentry$$00000002)
    .ARM.Collect$$rtentry$$00000004          0x08000182   Section        6  __rtentry4.o(.ARM.Collect$$rtentry$$00000004)
    .ARM.Collect$$rtentry$$00000009          0x08000188   Section        0  __rtentry2.o(.ARM.Collect$$rtentry$$00000009)
    .ARM.Collect$$rtentry$$0000000A          0x08000188   Section        4  __rtentry2.o(.ARM.Collect$$rtentry$$0000000A)
    .ARM.Collect$$rtentry$$0000000C          0x0800018c   Section        0  __rtentry2.o(.ARM.Collect$$rtentry$$0000000C)
    .ARM.Collect$$rtentry$$0000000D          0x0800018c   Section        8  __rtentry2.o(.ARM.Collect$$rtentry$$0000000D)
    .ARM.Collect$$rtexit$$00000000           0x08000194   Section        2  rtexit.o(.ARM.Collect$$rtexit$$00000000)
    .ARM.Collect$$rtexit$$00000002           0x08000196   Section        0  rtexit2.o(.ARM.Collect$$rtexit$$00000002)
    .ARM.Collect$$rtexit$$00000003           0x08000196   Section        4  rtexit2.o(.ARM.Collect$$rtexit$$00000003)
    .ARM.Collect$$rtexit$$00000004           0x0800019a   Section        6  rtexit2.o(.ARM.Collect$$rtexit$$00000004)
    .text                                    0x080001a0   Section       64  startup_stm32f10x_md.o(.text)
    .text                                    0x080001e0   Section        2  use_no_semi.o(.text)
    .text                                    0x080001e4   Section        0  noretval__2printf.o(.text)
    .text                                    0x080001fc   Section        0  noretval__2sprintf.o(.text)
    .text                                    0x08000224   Section        0  __printf_wp.o(.text)
    .text                                    0x08000332   Section        0  strncmp.o(.text)
    .text                                    0x080003c8   Section       86  strncpy.o(.text)
    .text                                    0x08000420   Section      128  strcmpv7m.o(.text)
    .text                                    0x080004a0   Section        0  heapauxi.o(.text)
    .text                                    0x080004a6   Section        0  _printf_fp_dec.o(.text)
    _fp_digits                               0x080004a9   Thumb Code   432  _printf_fp_dec.o(.text)
    .text                                    0x080008c4   Section        0  _printf_char_common.o(.text)
    _printf_input_char                       0x080008c5   Thumb Code    10  _printf_char_common.o(.text)
    .text                                    0x080008f4   Section        0  _sputc.o(.text)
    .text                                    0x08000900   Section        0  _printf_char_file.o(.text)
    .text                                    0x08000924   Section       68  rt_memclr.o(.text)
    .text                                    0x08000968   Section        8  rt_locale_intlibspace.o(.text)
    .text                                    0x08000970   Section      138  lludiv10.o(.text)
    .text                                    0x080009fc   Section        0  _printf_fp_infnan.o(.text)
    .text                                    0x08000a7c   Section        0  bigflt0.o(.text)
    .text                                    0x08000b60   Section        0  ferror.o(.text)
    .text                                    0x08000b68   Section       78  rt_memclr_w.o(.text)
    .text                                    0x08000bb8   Section        8  libspace.o(.text)
    .text                                    0x08000bc0   Section       74  sys_stackheap_outer.o(.text)
    .text                                    0x08000c0a   Section        0  exit.o(.text)
    CL$$btod_d2e                             0x08000c1c   Section       62  btod.o(CL$$btod_d2e)
    CL$$btod_d2e_denorm_low                  0x08000c5a   Section       70  btod.o(CL$$btod_d2e_denorm_low)
    CL$$btod_d2e_norm_op1                    0x08000ca0   Section       96  btod.o(CL$$btod_d2e_norm_op1)
    CL$$btod_div_common                      0x08000d00   Section      824  btod.o(CL$$btod_div_common)
    CL$$btod_e2e                             0x08001038   Section      220  btod.o(CL$$btod_e2e)
    CL$$btod_ediv                            0x08001114   Section       42  btod.o(CL$$btod_ediv)
    CL$$btod_emul                            0x0800113e   Section       42  btod.o(CL$$btod_emul)
    CL$$btod_mult_common                     0x08001168   Section      580  btod.o(CL$$btod_mult_common)
    i.BusFault_Handler                       0x080013ac   Section        0  stm32f10x_it.o(i.BusFault_Handler)
    i.DebugMon_Handler                       0x080013b0   Section        0  stm32f10x_it.o(i.DebugMon_Handler)
    i.Delay_ms                               0x080013b2   Section        0  delay.o(i.Delay_ms)
    i.Delay_us                               0x080013ca   Section        0  delay.o(i.Delay_us)
    i.GPIO_Init                              0x080013f8   Section        0  stm32f10x_gpio.o(i.GPIO_Init)
    i.GPIO_PinRemapConfig                    0x08001510   Section        0  stm32f10x_gpio.o(i.GPIO_PinRemapConfig)
    i.GPIO_ReadInputDataBit                  0x080015a0   Section        0  stm32f10x_gpio.o(i.GPIO_ReadInputDataBit)
    i.GPIO_ResetBits                         0x080015b2   Section        0  stm32f10x_gpio.o(i.GPIO_ResetBits)
    i.GPIO_SetBits                           0x080015b6   Section        0  stm32f10x_gpio.o(i.GPIO_SetBits)
    i.HCSR04_Distance                        0x080015bc   Section        0  hcsr04.o(i.HCSR04_Distance)
    i.HCSR04_Init                            0x08001698   Section        0  hcsr04.o(i.HCSR04_Init)
    i.HardFault_Handler                      0x08001714   Section        0  stm32f10x_it.o(i.HardFault_Handler)
    i.LeftMotor_Speed                        0x08001718   Section        0  motor.o(i.LeftMotor_Speed)
    i.LineWalking_GPIO_Init                  0x08001774   Section        0  linewalking.o(i.LineWalking_GPIO_Init)
    i.MemManage_Handler                      0x080017e8   Section        0  stm32f10x_it.o(i.MemManage_Handler)
    i.Motor_Init                             0x080017ec   Section        0  motor.o(i.Motor_Init)
    i.Move_Forward                           0x08001828   Section        0  smartcar.o(i.Move_Forward)
    i.NMI_Handler                            0x0800183c   Section        0  stm32f10x_it.o(i.NMI_Handler)
    i.NVIC_Init                              0x08001840   Section        0  misc.o(i.NVIC_Init)
    i.NVIC_PriorityGroupConfig               0x080018b0   Section        0  misc.o(i.NVIC_PriorityGroupConfig)
    i.PWM_Init                               0x080018c4   Section        0  pwm.o(i.PWM_Init)
    i.PWM_SetCompare0                        0x080019e0   Section        0  pwm.o(i.PWM_SetCompare0)
    i.PWM_SetCompare1                        0x080019f0   Section        0  pwm.o(i.PWM_SetCompare1)
    i.PWM_SetCompare3                        0x08001a00   Section        0  pwm.o(i.PWM_SetCompare3)
    i.PWM_SetCompare4                        0x08001a14   Section        0  pwm.o(i.PWM_SetCompare4)
    i.PWM_SetCompare5                        0x08001a28   Section        0  pwm.o(i.PWM_SetCompare5)
    i.PendSV_Handler                         0x08001a3c   Section        0  stm32f10x_it.o(i.PendSV_Handler)
    i.RCC_APB1PeriphClockCmd                 0x08001a40   Section        0  stm32f10x_rcc.o(i.RCC_APB1PeriphClockCmd)
    i.RCC_APB2PeriphClockCmd                 0x08001a60   Section        0  stm32f10x_rcc.o(i.RCC_APB2PeriphClockCmd)
    i.RCC_GetClocksFreq                      0x08001a80   Section        0  stm32f10x_rcc.o(i.RCC_GetClocksFreq)
    i.RightMotor_Speed                       0x08001b54   Section        0  motor.o(i.RightMotor_Speed)
    i.SVC_Handler                            0x08001bb0   Section        0  stm32f10x_it.o(i.SVC_Handler)
    i.Servo_SetAngle                         0x08001bb4   Section        0  duoji.o(i.Servo_SetAngle)
    i.Servo_SetAngle7                        0x08001bf0   Section        0  duoji.o(i.Servo_SetAngle7)
    i.Servo_SetAngle8                        0x08001c2c   Section        0  duoji.o(i.Servo_SetAngle8)
    i.Servo_TurnAndDetect                    0x08001c68   Section        0  mode.o(i.Servo_TurnAndDetect)
    i.SetSysClock                            0x08001c86   Section        0  system_stm32f10x.o(i.SetSysClock)
    SetSysClock                              0x08001c87   Thumb Code     8  system_stm32f10x.o(i.SetSysClock)
    i.SetSysClockTo72                        0x08001c90   Section        0  system_stm32f10x.o(i.SetSysClockTo72)
    SetSysClockTo72                          0x08001c91   Thumb Code   214  system_stm32f10x.o(i.SetSysClockTo72)
    i.SmartCar_Init                          0x08001d70   Section        0  smartcar.o(i.SmartCar_Init)
    i.SysTick_Handler                        0x08001d78   Section        0  stm32f10x_it.o(i.SysTick_Handler)
    i.SystemInit                             0x08001d7c   Section        0  system_stm32f10x.o(i.SystemInit)
    i.TIM_Cmd                                0x08001ddc   Section        0  stm32f10x_tim.o(i.TIM_Cmd)
    i.TIM_GetCounter                         0x08001df4   Section        0  stm32f10x_tim.o(i.TIM_GetCounter)
    i.TIM_InternalClockConfig                0x08001dfa   Section        0  stm32f10x_tim.o(i.TIM_InternalClockConfig)
    i.TIM_OC1Init                            0x08001e08   Section        0  stm32f10x_tim.o(i.TIM_OC1Init)
    i.TIM_OC2Init                            0x08001ea0   Section        0  stm32f10x_tim.o(i.TIM_OC2Init)
    i.TIM_OC3Init                            0x08001f44   Section        0  stm32f10x_tim.o(i.TIM_OC3Init)
    i.TIM_OCStructInit                       0x08001fe4   Section        0  stm32f10x_tim.o(i.TIM_OCStructInit)
    i.TIM_SetCompare1                        0x08001ff8   Section        0  stm32f10x_tim.o(i.TIM_SetCompare1)
    i.TIM_SetCompare2                        0x08001ffc   Section        0  stm32f10x_tim.o(i.TIM_SetCompare2)
    i.TIM_SetCompare3                        0x08002000   Section        0  stm32f10x_tim.o(i.TIM_SetCompare3)
    i.TIM_TimeBaseInit                       0x08002004   Section        0  stm32f10x_tim.o(i.TIM_TimeBaseInit)
    i.UART1_Config                           0x080020a8   Section        0  bluetooth.o(i.UART1_Config)
    i.UART2_Config                           0x08002158   Section        0  bluetooth.o(i.UART2_Config)
    i.UART2_SendString                       0x08002200   Section        0  bluetooth.o(i.UART2_SendString)
    i.UART2_sendfloat                        0x0800222c   Section        0  bluetooth.o(i.UART2_sendfloat)
    i.UART3_Config                           0x08002254   Section        0  bluetooth.o(i.UART3_Config)
    i.UART3_SendChar                         0x08002304   Section        0  bluetooth.o(i.UART3_SendChar)
    i.USART1_IRQHandler                      0x08002324   Section        0  bluetooth.o(i.USART1_IRQHandler)
    i.USART2_IRQHandler                      0x08002360   Section        0  bluetooth.o(i.USART2_IRQHandler)
    i.USART3_IRQHandler                      0x0800246c   Section        0  bluetooth.o(i.USART3_IRQHandler)
    i.USART_ClearITPendingBit                0x0800250c   Section        0  stm32f10x_usart.o(i.USART_ClearITPendingBit)
    i.USART_Cmd                              0x0800252a   Section        0  stm32f10x_usart.o(i.USART_Cmd)
    i.USART_GetFlagStatus                    0x08002542   Section        0  stm32f10x_usart.o(i.USART_GetFlagStatus)
    i.USART_GetITStatus                      0x0800255c   Section        0  stm32f10x_usart.o(i.USART_GetITStatus)
    i.USART_ITConfig                         0x080025b0   Section        0  stm32f10x_usart.o(i.USART_ITConfig)
    i.USART_Init                             0x080025fc   Section        0  stm32f10x_usart.o(i.USART_Init)
    i.USART_ReceiveData                      0x080026d4   Section        0  stm32f10x_usart.o(i.USART_ReceiveData)
    i.USART_SendData                         0x080026de   Section        0  stm32f10x_usart.o(i.USART_SendData)
    i.UsageFault_Handler                     0x080026e6   Section        0  stm32f10x_it.o(i.UsageFault_Handler)
    i.__ARM_fpclassify                       0x080026ea   Section        0  fpclassify.o(i.__ARM_fpclassify)
    i._is_digit                              0x08002712   Section        0  __printf_wp.o(i._is_digit)
    i._sys_exit                              0x08002720   Section        0  bluetooth.o(i._sys_exit)
    i.app_LineWalking                        0x08002724   Section        0  linewalking.o(i.app_LineWalking)
    i.auto_avoidance_mode                    0x0800286c   Section        0  mode.o(i.auto_avoidance_mode)
    i.bsp_GetLineWalking                     0x080029c8   Section        0  linewalking.o(i.bsp_GetLineWalking)
    i.fputc                                  0x08002a10   Section        0  bluetooth.o(i.fputc)
    i.handle_avoid_cmd                       0x08002a34   Section        0  bluetooth.o(i.handle_avoid_cmd)
    i.handle_avoid_off                       0x08002a78   Section        0  bluetooth.o(i.handle_avoid_off)
    i.handle_avoid_on                        0x08002a84   Section        0  bluetooth.o(i.handle_avoid_on)
    i.handle_backward                        0x08002a90   Section        0  bluetooth.o(i.handle_backward)
    i.handle_backward_cmd                    0x08002aa0   Section        0  bluetooth.o(i.handle_backward_cmd)
    i.handle_camera_down                     0x08002ae4   Section        0  bluetooth.o(i.handle_camera_down)
    i.handle_camera_down_cmd                 0x08002b14   Section        0  bluetooth.o(i.handle_camera_down_cmd)
    i.handle_camera_left                     0x08002b54   Section        0  bluetooth.o(i.handle_camera_left)
    i.handle_camera_left_cmd                 0x08002b88   Section        0  bluetooth.o(i.handle_camera_left_cmd)
    i.handle_camera_reset                    0x08002bbc   Section        0  bluetooth.o(i.handle_camera_reset)
    i.handle_camera_reset_cmd                0x08002bf4   Section        0  bluetooth.o(i.handle_camera_reset_cmd)
    i.handle_camera_right                    0x08002c34   Section        0  bluetooth.o(i.handle_camera_right)
    i.handle_camera_right_cmd                0x08002c68   Section        0  bluetooth.o(i.handle_camera_right_cmd)
    i.handle_camera_up                       0x08002cac   Section        0  bluetooth.o(i.handle_camera_up)
    i.handle_camera_up_cmd                   0x08002cdc   Section        0  bluetooth.o(i.handle_camera_up_cmd)
    i.handle_forward                         0x08002d1c   Section        0  bluetooth.o(i.handle_forward)
    i.handle_forward_cmd                     0x08002d28   Section        0  bluetooth.o(i.handle_forward_cmd)
    i.handle_left                            0x08002d6c   Section        0  bluetooth.o(i.handle_left)
    i.handle_left_cmd                        0x08002d78   Section        0  bluetooth.o(i.handle_left_cmd)
    i.handle_line_cmd                        0x08002dbc   Section        0  bluetooth.o(i.handle_line_cmd)
    i.handle_line_off                        0x08002e00   Section        0  bluetooth.o(i.handle_line_off)
    i.handle_line_on                         0x08002e0c   Section        0  bluetooth.o(i.handle_line_on)
    i.handle_right                           0x08002e18   Section        0  bluetooth.o(i.handle_right)
    i.handle_right_cmd                       0x08002e28   Section        0  bluetooth.o(i.handle_right_cmd)
    i.handle_stop                            0x08002e6c   Section        0  bluetooth.o(i.handle_stop)
    i.limit_to_range                         0x08002e78   Section        0  bluetooth.o(i.limit_to_range)
    i.limit_to_range1                        0x08002e90   Section        0  bluetooth.o(i.limit_to_range1)
    i.linewalking_task                       0x08002eac   Section        0  linewalking.o(i.linewalking_task)
    i.main                                   0x08002ed0   Section        0  main.o(i.main)
    locale$$code                             0x08002f48   Section       44  lc_numeric_c.o(locale$$code)
    x$fpl$dretinf                            0x08002f74   Section       12  dretinf.o(x$fpl$dretinf)
    x$fpl$f2d                                0x08002f80   Section       86  f2d.o(x$fpl$f2d)
    x$fpl$fadd                               0x08002fd8   Section      196  faddsub_clz.o(x$fpl$fadd)
    _fadd1                                   0x08002fe7   Thumb Code     0  faddsub_clz.o(x$fpl$fadd)
    x$fpl$fcmpinf                            0x0800309c   Section       24  fcmpi.o(x$fpl$fcmpinf)
    x$fpl$fdiv                               0x080030b4   Section      388  fdiv.o(x$fpl$fdiv)
    _fdiv1                                   0x080030b5   Thumb Code     0  fdiv.o(x$fpl$fdiv)
    x$fpl$ffixu                              0x08003238   Section       62  ffixu.o(x$fpl$ffixu)
    x$fpl$fflt                               0x08003278   Section       48  fflt_clz.o(x$fpl$fflt)
    x$fpl$ffltu                              0x080032a8   Section       38  fflt_clz.o(x$fpl$ffltu)
    x$fpl$fleqf                              0x080032d0   Section      104  fleqf.o(x$fpl$fleqf)
    x$fpl$fmul                               0x08003338   Section      258  fmul.o(x$fpl$fmul)
    x$fpl$fnaninf                            0x0800343a   Section      140  fnaninf.o(x$fpl$fnaninf)
    x$fpl$fretinf                            0x080034c6   Section       10  fretinf.o(x$fpl$fretinf)
    x$fpl$frleqf                             0x080034d0   Section       98  frleqf.o(x$fpl$frleqf)
    x$fpl$fsub                               0x08003534   Section      234  faddsub_clz.o(x$fpl$fsub)
    _fsub1                                   0x08003543   Thumb Code     0  faddsub_clz.o(x$fpl$fsub)
    x$fpl$printf1                            0x0800361e   Section        4  printf1.o(x$fpl$printf1)
    x$fpl$usenofp                            0x08003622   Section        0  usenofp.o(x$fpl$usenofp)
    .constdata                               0x08003624   Section      256  bluetooth.o(.constdata)
    .constdata                               0x08003724   Section      148  bigflt0.o(.constdata)
    tenpwrs_x                                0x08003724   Data          60  bigflt0.o(.constdata)
    tenpwrs_i                                0x08003760   Data          64  bigflt0.o(.constdata)
    .conststring                             0x080037b8   Section       75  bluetooth.o(.conststring)
    locale$$data                             0x08003824   Section       28  lc_numeric_c.o(locale$$data)
    __lcnum_c_name                           0x08003828   Data           2  lc_numeric_c.o(locale$$data)
    __lcnum_c_start                          0x08003830   Data           0  lc_numeric_c.o(locale$$data)
    __lcnum_c_point                          0x0800383c   Data           0  lc_numeric_c.o(locale$$data)
    __lcnum_c_thousands                      0x0800383e   Data           0  lc_numeric_c.o(locale$$data)
    __lcnum_c_grouping                       0x0800383f   Data           0  lc_numeric_c.o(locale$$data)
    __lcnum_c_end                            0x08003840   Data           0  lc_numeric_c.o(locale$$data)
    .data                                    0x20000000   Section       20  stm32f10x_rcc.o(.data)
    APBAHBPrescTable                         0x20000000   Data          16  stm32f10x_rcc.o(.data)
    ADCPrescTable                            0x20000010   Data           4  stm32f10x_rcc.o(.data)
    .data                                    0x20000014   Section       16  bluetooth.o(.data)
    .data                                    0x20000024   Section        4  main.o(.data)
    .bss                                     0x20000028   Section      200  bluetooth.o(.bss)
    .bss                                     0x200000f0   Section       96  libspace.o(.bss)
    HEAP                                     0x20000150   Section      512  startup_stm32f10x_md.o(HEAP)
    Heap_Mem                                 0x20000150   Data         512  startup_stm32f10x_md.o(HEAP)
    STACK                                    0x20000350   Section     4096  startup_stm32f10x_md.o(STACK)
    Stack_Mem                                0x20000350   Data        4096  startup_stm32f10x_md.o(STACK)
    __initial_sp                             0x20001350   Data           0  startup_stm32f10x_md.o(STACK)

    Global Symbols

    Symbol Name                              Value     Ov Type        Size  Object(Section)

    BuildAttributes$$THM_ISAv4$P$D$K$B$S$PE$A:L22UL41UL21$X:L11$S22US41US21$IEEE1$IW$USESV6$~STKCKD$USESV7$~SHL$OTIME$ROPI$IEEEJ$EBA8$UX$STANDARDLIB$REQ8$PRES8$EABIv2 0x00000000   Number         0  anon$$obj.o ABSOLUTE
    __ARM_use_no_argv                        0x00000000   Number         0  main.o ABSOLUTE
    _printf_flags                            0x00000000   Number         0  printf_stubs.o ABSOLUTE
    _printf_return_value                     0x00000000   Number         0  printf_stubs.o ABSOLUTE
    _printf_sizespec                         0x00000000   Number         0  printf_stubs.o ABSOLUTE
    _printf_widthprec                        0x00000000   Number         0  printf_stubs.o ABSOLUTE
    __ARM_exceptions_init                     - Undefined Weak Reference
    __alloca_initialize                       - Undefined Weak Reference
    __arm_preinit_                            - Undefined Weak Reference
    __cpp_initialize__aeabi_                  - Undefined Weak Reference
    __cxa_finalize                            - Undefined Weak Reference
    __sigvec_lookup                           - Undefined Weak Reference
    _atexit_init                              - Undefined Weak Reference
    _call_atexit_fns                          - Undefined Weak Reference
    _clock_init                               - Undefined Weak Reference
    _fp_trap_init                             - Undefined Weak Reference
    _fp_trap_shutdown                         - Undefined Weak Reference
    _get_lc_collate                           - Undefined Weak Reference
    _get_lc_ctype                             - Undefined Weak Reference
    _get_lc_monetary                          - Undefined Weak Reference
    _get_lc_time                              - Undefined Weak Reference
    _getenv_init                              - Undefined Weak Reference
    _handle_redirection                       - Undefined Weak Reference
    _init_alloc                               - Undefined Weak Reference
    _init_user_alloc                          - Undefined Weak Reference
    _initio                                   - Undefined Weak Reference
    _mutex_acquire                            - Undefined Weak Reference
    _mutex_release                            - Undefined Weak Reference
    _printf_post_padding                      - Undefined Weak Reference
    _printf_pre_padding                       - Undefined Weak Reference
    _rand_init                                - Undefined Weak Reference
    _signal_finish                            - Undefined Weak Reference
    _signal_init                              - Undefined Weak Reference
    _terminate_alloc                          - Undefined Weak Reference
    _terminate_user_alloc                     - Undefined Weak Reference
    _terminateio                              - Undefined Weak Reference
    __Vectors_Size                           0x000000ec   Number         0  startup_stm32f10x_md.o ABSOLUTE
    __Vectors                                0x08000000   Data           4  startup_stm32f10x_md.o(RESET)
    __Vectors_End                            0x080000ec   Data           0  startup_stm32f10x_md.o(RESET)
    __main                                   0x080000ed   Thumb Code     8  __main.o(!!!main)
    __scatterload                            0x080000f5   Thumb Code     0  __scatter.o(!!!scatter)
    __scatterload_rt2                        0x080000f5   Thumb Code    44  __scatter.o(!!!scatter)
    __scatterload_rt2_thumb_only             0x080000f5   Thumb Code     0  __scatter.o(!!!scatter)
    __scatterload_null                       0x08000103   Thumb Code     0  __scatter.o(!!!scatter)
    __scatterload_copy                       0x08000129   Thumb Code    26  __scatter_copy.o(!!handler_copy)
    __scatterload_zeroinit                   0x08000145   Thumb Code    28  __scatter_zi.o(!!handler_zi)
    _printf_f                                0x08000161   Thumb Code     0  _printf_f.o(.ARM.Collect$$_printf_percent$$00000003)
    _printf_percent                          0x08000161   Thumb Code     0  _printf_percent.o(.ARM.Collect$$_printf_percent$$00000000)
    _printf_percent_end                      0x08000167   Thumb Code     0  _printf_percent_end.o(.ARM.Collect$$_printf_percent$$00000017)
    __rt_lib_init                            0x0800016b   Thumb Code     0  libinit.o(.ARM.Collect$$libinit$$00000000)
    __rt_lib_init_fp_1                       0x0800016d   Thumb Code     0  libinit2.o(.ARM.Collect$$libinit$$00000002)
    __rt_lib_init_heap_1                     0x0800016d   Thumb Code     0  libinit2.o(.ARM.Collect$$libinit$$0000000A)
    __rt_lib_init_lc_common                  0x0800016d   Thumb Code     0  libinit2.o(.ARM.Collect$$libinit$$0000000F)
    __rt_lib_init_preinit_1                  0x0800016d   Thumb Code     0  libinit2.o(.ARM.Collect$$libinit$$00000004)
    __rt_lib_init_rand_1                     0x0800016d   Thumb Code     0  libinit2.o(.ARM.Collect$$libinit$$0000000E)
    __rt_lib_init_user_alloc_1               0x0800016d   Thumb Code     0  libinit2.o(.ARM.Collect$$libinit$$0000000C)
    __rt_lib_init_lc_collate_1               0x08000173   Thumb Code     0  libinit2.o(.ARM.Collect$$libinit$$00000011)
    __rt_lib_init_lc_ctype_1                 0x08000173   Thumb Code     0  libinit2.o(.ARM.Collect$$libinit$$00000013)
    __rt_lib_init_lc_monetary_1              0x08000173   Thumb Code     0  libinit2.o(.ARM.Collect$$libinit$$00000015)
    __rt_lib_init_lc_numeric_2               0x08000173   Thumb Code     0  libinit2.o(.ARM.Collect$$libinit$$00000016)
    __rt_lib_init_alloca_1                   0x0800017d   Thumb Code     0  libinit2.o(.ARM.Collect$$libinit$$0000002E)
    __rt_lib_init_argv_1                     0x0800017d   Thumb Code     0  libinit2.o(.ARM.Collect$$libinit$$0000002C)
    __rt_lib_init_atexit_1                   0x0800017d   Thumb Code     0  libinit2.o(.ARM.Collect$$libinit$$0000001B)
    __rt_lib_init_clock_1                    0x0800017d   Thumb Code     0  libinit2.o(.ARM.Collect$$libinit$$00000021)
    __rt_lib_init_cpp_1                      0x0800017d   Thumb Code     0  libinit2.o(.ARM.Collect$$libinit$$00000032)
    __rt_lib_init_exceptions_1               0x0800017d   Thumb Code     0  libinit2.o(.ARM.Collect$$libinit$$00000030)
    __rt_lib_init_fp_trap_1                  0x0800017d   Thumb Code     0  libinit2.o(.ARM.Collect$$libinit$$0000001F)
    __rt_lib_init_getenv_1                   0x0800017d   Thumb Code     0  libinit2.o(.ARM.Collect$$libinit$$00000023)
    __rt_lib_init_lc_numeric_1               0x0800017d   Thumb Code     0  libinit2.o(.ARM.Collect$$libinit$$00000017)
    __rt_lib_init_lc_time_1                  0x0800017d   Thumb Code     0  libinit2.o(.ARM.Collect$$libinit$$00000019)
    __rt_lib_init_return                     0x0800017d   Thumb Code     0  libinit2.o(.ARM.Collect$$libinit$$00000033)
    __rt_lib_init_signal_1                   0x0800017d   Thumb Code     0  libinit2.o(.ARM.Collect$$libinit$$0000001D)
    __rt_lib_init_stdio_1                    0x0800017d   Thumb Code     0  libinit2.o(.ARM.Collect$$libinit$$00000025)
    __rt_lib_shutdown                        0x0800017f   Thumb Code     0  libshutdown.o(.ARM.Collect$$libshutdown$$00000000)
    __rt_lib_shutdown_cpp_1                  0x08000181   Thumb Code     0  libshutdown2.o(.ARM.Collect$$libshutdown$$00000002)
    __rt_lib_shutdown_fp_trap_1              0x08000181   Thumb Code     0  libshutdown2.o(.ARM.Collect$$libshutdown$$00000007)
    __rt_lib_shutdown_heap_1                 0x08000181   Thumb Code     0  libshutdown2.o(.ARM.Collect$$libshutdown$$0000000F)
    __rt_lib_shutdown_return                 0x08000181   Thumb Code     0  libshutdown2.o(.ARM.Collect$$libshutdown$$00000010)
    __rt_lib_shutdown_signal_1               0x08000181   Thumb Code     0  libshutdown2.o(.ARM.Collect$$libshutdown$$0000000A)
    __rt_lib_shutdown_stdio_1                0x08000181   Thumb Code     0  libshutdown2.o(.ARM.Collect$$libshutdown$$00000004)
    __rt_lib_shutdown_user_alloc_1           0x08000181   Thumb Code     0  libshutdown2.o(.ARM.Collect$$libshutdown$$0000000C)
    __rt_entry                               0x08000183   Thumb Code     0  __rtentry.o(.ARM.Collect$$rtentry$$00000000)
    __rt_entry_presh_1                       0x08000183   Thumb Code     0  __rtentry2.o(.ARM.Collect$$rtentry$$00000002)
    __rt_entry_sh                            0x08000183   Thumb Code     0  __rtentry4.o(.ARM.Collect$$rtentry$$00000004)
    __rt_entry_li                            0x08000189   Thumb Code     0  __rtentry2.o(.ARM.Collect$$rtentry$$0000000A)
    __rt_entry_postsh_1                      0x08000189   Thumb Code     0  __rtentry2.o(.ARM.Collect$$rtentry$$00000009)
    __rt_entry_main                          0x0800018d   Thumb Code     0  __rtentry2.o(.ARM.Collect$$rtentry$$0000000D)
    __rt_entry_postli_1                      0x0800018d   Thumb Code     0  __rtentry2.o(.ARM.Collect$$rtentry$$0000000C)
    __rt_exit                                0x08000195   Thumb Code     0  rtexit.o(.ARM.Collect$$rtexit$$00000000)
    __rt_exit_ls                             0x08000197   Thumb Code     0  rtexit2.o(.ARM.Collect$$rtexit$$00000003)
    __rt_exit_prels_1                        0x08000197   Thumb Code     0  rtexit2.o(.ARM.Collect$$rtexit$$00000002)
    __rt_exit_exit                           0x0800019b   Thumb Code     0  rtexit2.o(.ARM.Collect$$rtexit$$00000004)
    Reset_Handler                            0x080001a1   Thumb Code     8  startup_stm32f10x_md.o(.text)
    ADC1_2_IRQHandler                        0x080001bb   Thumb Code     0  startup_stm32f10x_md.o(.text)
    CAN1_RX1_IRQHandler                      0x080001bb   Thumb Code     0  startup_stm32f10x_md.o(.text)
    CAN1_SCE_IRQHandler                      0x080001bb   Thumb Code     0  startup_stm32f10x_md.o(.text)
    DMA1_Channel1_IRQHandler                 0x080001bb   Thumb Code     0  startup_stm32f10x_md.o(.text)
    DMA1_Channel2_IRQHandler                 0x080001bb   Thumb Code     0  startup_stm32f10x_md.o(.text)
    DMA1_Channel3_IRQHandler                 0x080001bb   Thumb Code     0  startup_stm32f10x_md.o(.text)
    DMA1_Channel4_IRQHandler                 0x080001bb   Thumb Code     0  startup_stm32f10x_md.o(.text)
    DMA1_Channel5_IRQHandler                 0x080001bb   Thumb Code     0  startup_stm32f10x_md.o(.text)
    DMA1_Channel6_IRQHandler                 0x080001bb   Thumb Code     0  startup_stm32f10x_md.o(.text)
    DMA1_Channel7_IRQHandler                 0x080001bb   Thumb Code     0  startup_stm32f10x_md.o(.text)
    EXTI0_IRQHandler                         0x080001bb   Thumb Code     0  startup_stm32f10x_md.o(.text)
    EXTI15_10_IRQHandler                     0x080001bb   Thumb Code     0  startup_stm32f10x_md.o(.text)
    EXTI1_IRQHandler                         0x080001bb   Thumb Code     0  startup_stm32f10x_md.o(.text)
    EXTI2_IRQHandler                         0x080001bb   Thumb Code     0  startup_stm32f10x_md.o(.text)
    EXTI3_IRQHandler                         0x080001bb   Thumb Code     0  startup_stm32f10x_md.o(.text)
    EXTI4_IRQHandler                         0x080001bb   Thumb Code     0  startup_stm32f10x_md.o(.text)
    EXTI9_5_IRQHandler                       0x080001bb   Thumb Code     0  startup_stm32f10x_md.o(.text)
    FLASH_IRQHandler                         0x080001bb   Thumb Code     0  startup_stm32f10x_md.o(.text)
    I2C1_ER_IRQHandler                       0x080001bb   Thumb Code     0  startup_stm32f10x_md.o(.text)
    I2C1_EV_IRQHandler                       0x080001bb   Thumb Code     0  startup_stm32f10x_md.o(.text)
    I2C2_ER_IRQHandler                       0x080001bb   Thumb Code     0  startup_stm32f10x_md.o(.text)
    I2C2_EV_IRQHandler                       0x080001bb   Thumb Code     0  startup_stm32f10x_md.o(.text)
    PVD_IRQHandler                           0x080001bb   Thumb Code     0  startup_stm32f10x_md.o(.text)
    RCC_IRQHandler                           0x080001bb   Thumb Code     0  startup_stm32f10x_md.o(.text)
    RTCAlarm_IRQHandler                      0x080001bb   Thumb Code     0  startup_stm32f10x_md.o(.text)
    RTC_IRQHandler                           0x080001bb   Thumb Code     0  startup_stm32f10x_md.o(.text)
    SPI1_IRQHandler                          0x080001bb   Thumb Code     0  startup_stm32f10x_md.o(.text)
    SPI2_IRQHandler                          0x080001bb   Thumb Code     0  startup_stm32f10x_md.o(.text)
    TAMPER_IRQHandler                        0x080001bb   Thumb Code     0  startup_stm32f10x_md.o(.text)
    TIM1_BRK_IRQHandler                      0x080001bb   Thumb Code     0  startup_stm32f10x_md.o(.text)
    TIM1_CC_IRQHandler                       0x080001bb   Thumb Code     0  startup_stm32f10x_md.o(.text)
    TIM1_TRG_COM_IRQHandler                  0x080001bb   Thumb Code     0  startup_stm32f10x_md.o(.text)
    TIM1_UP_IRQHandler                       0x080001bb   Thumb Code     0  startup_stm32f10x_md.o(.text)
    TIM2_IRQHandler                          0x080001bb   Thumb Code     0  startup_stm32f10x_md.o(.text)
    TIM3_IRQHandler                          0x080001bb   Thumb Code     0  startup_stm32f10x_md.o(.text)
    TIM4_IRQHandler                          0x080001bb   Thumb Code     0  startup_stm32f10x_md.o(.text)
    USBWakeUp_IRQHandler                     0x080001bb   Thumb Code     0  startup_stm32f10x_md.o(.text)
    USB_HP_CAN1_TX_IRQHandler                0x080001bb   Thumb Code     0  startup_stm32f10x_md.o(.text)
    USB_LP_CAN1_RX0_IRQHandler               0x080001bb   Thumb Code     0  startup_stm32f10x_md.o(.text)
    WWDG_IRQHandler                          0x080001bb   Thumb Code     0  startup_stm32f10x_md.o(.text)
    __user_initial_stackheap                 0x080001bd   Thumb Code     0  startup_stm32f10x_md.o(.text)
    __I$use$semihosting                      0x080001e1   Thumb Code     0  use_no_semi.o(.text)
    __use_no_semihosting_swi                 0x080001e1   Thumb Code     2  use_no_semi.o(.text)
    __2printf                                0x080001e5   Thumb Code    20  noretval__2printf.o(.text)
    __2sprintf                               0x080001fd   Thumb Code    34  noretval__2sprintf.o(.text)
    __printf                                 0x08000225   Thumb Code   270  __printf_wp.o(.text)
    strncmp                                  0x08000333   Thumb Code   150  strncmp.o(.text)
    strncpy                                  0x080003c9   Thumb Code    86  strncpy.o(.text)
    strcmp                                   0x08000421   Thumb Code   128  strcmpv7m.o(.text)
    __use_two_region_memory                  0x080004a1   Thumb Code     2  heapauxi.o(.text)
    __rt_heap_escrow$2region                 0x080004a3   Thumb Code     2  heapauxi.o(.text)
    __rt_heap_expand$2region                 0x080004a5   Thumb Code     2  heapauxi.o(.text)
    __lib_sel_fp_printf                      0x080004a7   Thumb Code     2  _printf_fp_dec.o(.text)
    _printf_fp_dec_real                      0x08000659   Thumb Code   620  _printf_fp_dec.o(.text)
    _printf_char_common                      0x080008cf   Thumb Code    32  _printf_char_common.o(.text)
    _sputc                                   0x080008f5   Thumb Code    10  _sputc.o(.text)
    _printf_char_file                        0x08000901   Thumb Code    32  _printf_char_file.o(.text)
    __aeabi_memclr                           0x08000925   Thumb Code     0  rt_memclr.o(.text)
    __rt_memclr                              0x08000925   Thumb Code    68  rt_memclr.o(.text)
    _memset                                  0x08000929   Thumb Code     0  rt_memclr.o(.text)
    __rt_locale                              0x08000969   Thumb Code     8  rt_locale_intlibspace.o(.text)
    _ll_udiv10                               0x08000971   Thumb Code   138  lludiv10.o(.text)
    _printf_fp_infnan                        0x080009fd   Thumb Code   112  _printf_fp_infnan.o(.text)
    _btod_etento                             0x08000a7d   Thumb Code   224  bigflt0.o(.text)
    ferror                                   0x08000b61   Thumb Code     8  ferror.o(.text)
    __aeabi_memclr4                          0x08000b69   Thumb Code     0  rt_memclr_w.o(.text)
    __aeabi_memclr8                          0x08000b69   Thumb Code     0  rt_memclr_w.o(.text)
    __rt_memclr_w                            0x08000b69   Thumb Code    78  rt_memclr_w.o(.text)
    _memset_w                                0x08000b6d   Thumb Code     0  rt_memclr_w.o(.text)
    __user_libspace                          0x08000bb9   Thumb Code     8  libspace.o(.text)
    __user_perproc_libspace                  0x08000bb9   Thumb Code     0  libspace.o(.text)
    __user_perthread_libspace                0x08000bb9   Thumb Code     0  libspace.o(.text)
    __user_setup_stackheap                   0x08000bc1   Thumb Code    74  sys_stackheap_outer.o(.text)
    exit                                     0x08000c0b   Thumb Code    18  exit.o(.text)
    _btod_d2e                                0x08000c1d   Thumb Code    62  btod.o(CL$$btod_d2e)
    _d2e_denorm_low                          0x08000c5b   Thumb Code    70  btod.o(CL$$btod_d2e_denorm_low)
    _d2e_norm_op1                            0x08000ca1   Thumb Code    96  btod.o(CL$$btod_d2e_norm_op1)
    __btod_div_common                        0x08000d01   Thumb Code   696  btod.o(CL$$btod_div_common)
    _e2e                                     0x08001039   Thumb Code   220  btod.o(CL$$btod_e2e)
    _btod_ediv                               0x08001115   Thumb Code    42  btod.o(CL$$btod_ediv)
    _btod_emul                               0x0800113f   Thumb Code    42  btod.o(CL$$btod_emul)
    __btod_mult_common                       0x08001169   Thumb Code   580  btod.o(CL$$btod_mult_common)
    BusFault_Handler                         0x080013ad   Thumb Code     4  stm32f10x_it.o(i.BusFault_Handler)
    DebugMon_Handler                         0x080013b1   Thumb Code     2  stm32f10x_it.o(i.DebugMon_Handler)
    Delay_ms                                 0x080013b3   Thumb Code    24  delay.o(i.Delay_ms)
    Delay_us                                 0x080013cb   Thumb Code    46  delay.o(i.Delay_us)
    GPIO_Init                                0x080013f9   Thumb Code   278  stm32f10x_gpio.o(i.GPIO_Init)
    GPIO_PinRemapConfig                      0x08001511   Thumb Code   138  stm32f10x_gpio.o(i.GPIO_PinRemapConfig)
    GPIO_ReadInputDataBit                    0x080015a1   Thumb Code    18  stm32f10x_gpio.o(i.GPIO_ReadInputDataBit)
    GPIO_ResetBits                           0x080015b3   Thumb Code     4  stm32f10x_gpio.o(i.GPIO_ResetBits)
    GPIO_SetBits                             0x080015b7   Thumb Code     4  stm32f10x_gpio.o(i.GPIO_SetBits)
    HCSR04_Distance                          0x080015bd   Thumb Code   202  hcsr04.o(i.HCSR04_Distance)
    HCSR04_Init                              0x08001699   Thumb Code   116  hcsr04.o(i.HCSR04_Init)
    HardFault_Handler                        0x08001715   Thumb Code     4  stm32f10x_it.o(i.HardFault_Handler)
    LeftMotor_Speed                          0x08001719   Thumb Code    86  motor.o(i.LeftMotor_Speed)
    LineWalking_GPIO_Init                    0x08001775   Thumb Code   112  linewalking.o(i.LineWalking_GPIO_Init)
    MemManage_Handler                        0x080017e9   Thumb Code     4  stm32f10x_it.o(i.MemManage_Handler)
    Motor_Init                               0x080017ed   Thumb Code    50  motor.o(i.Motor_Init)
    Move_Forward                             0x08001829   Thumb Code    20  smartcar.o(i.Move_Forward)
    NMI_Handler                              0x0800183d   Thumb Code     2  stm32f10x_it.o(i.NMI_Handler)
    NVIC_Init                                0x08001841   Thumb Code   100  misc.o(i.NVIC_Init)
    NVIC_PriorityGroupConfig                 0x080018b1   Thumb Code    10  misc.o(i.NVIC_PriorityGroupConfig)
    PWM_Init                                 0x080018c5   Thumb Code   272  pwm.o(i.PWM_Init)
    PWM_SetCompare0                          0x080019e1   Thumb Code    16  pwm.o(i.PWM_SetCompare0)
    PWM_SetCompare1                          0x080019f1   Thumb Code    16  pwm.o(i.PWM_SetCompare1)
    PWM_SetCompare3                          0x08001a01   Thumb Code    14  pwm.o(i.PWM_SetCompare3)
    PWM_SetCompare4                          0x08001a15   Thumb Code    14  pwm.o(i.PWM_SetCompare4)
    PWM_SetCompare5                          0x08001a29   Thumb Code    14  pwm.o(i.PWM_SetCompare5)
    PendSV_Handler                           0x08001a3d   Thumb Code     2  stm32f10x_it.o(i.PendSV_Handler)
    RCC_APB1PeriphClockCmd                   0x08001a41   Thumb Code    26  stm32f10x_rcc.o(i.RCC_APB1PeriphClockCmd)
    RCC_APB2PeriphClockCmd                   0x08001a61   Thumb Code    26  stm32f10x_rcc.o(i.RCC_APB2PeriphClockCmd)
    RCC_GetClocksFreq                        0x08001a81   Thumb Code   192  stm32f10x_rcc.o(i.RCC_GetClocksFreq)
    RightMotor_Speed                         0x08001b55   Thumb Code    86  motor.o(i.RightMotor_Speed)
    SVC_Handler                              0x08001bb1   Thumb Code     2  stm32f10x_it.o(i.SVC_Handler)
    Servo_SetAngle                           0x08001bb5   Thumb Code    48  duoji.o(i.Servo_SetAngle)
    Servo_SetAngle7                          0x08001bf1   Thumb Code    48  duoji.o(i.Servo_SetAngle7)
    Servo_SetAngle8                          0x08001c2d   Thumb Code    48  duoji.o(i.Servo_SetAngle8)
    Servo_TurnAndDetect                      0x08001c69   Thumb Code    30  mode.o(i.Servo_TurnAndDetect)
    SmartCar_Init                            0x08001d71   Thumb Code     8  smartcar.o(i.SmartCar_Init)
    SysTick_Handler                          0x08001d79   Thumb Code     2  stm32f10x_it.o(i.SysTick_Handler)
    SystemInit                               0x08001d7d   Thumb Code    78  system_stm32f10x.o(i.SystemInit)
    TIM_Cmd                                  0x08001ddd   Thumb Code    24  stm32f10x_tim.o(i.TIM_Cmd)
    TIM_GetCounter                           0x08001df5   Thumb Code     6  stm32f10x_tim.o(i.TIM_GetCounter)
    TIM_InternalClockConfig                  0x08001dfb   Thumb Code    12  stm32f10x_tim.o(i.TIM_InternalClockConfig)
    TIM_OC1Init                              0x08001e09   Thumb Code   132  stm32f10x_tim.o(i.TIM_OC1Init)
    TIM_OC2Init                              0x08001ea1   Thumb Code   154  stm32f10x_tim.o(i.TIM_OC2Init)
    TIM_OC3Init                              0x08001f45   Thumb Code   150  stm32f10x_tim.o(i.TIM_OC3Init)
    TIM_OCStructInit                         0x08001fe5   Thumb Code    20  stm32f10x_tim.o(i.TIM_OCStructInit)
    TIM_SetCompare1                          0x08001ff9   Thumb Code     4  stm32f10x_tim.o(i.TIM_SetCompare1)
    TIM_SetCompare2                          0x08001ffd   Thumb Code     4  stm32f10x_tim.o(i.TIM_SetCompare2)
    TIM_SetCompare3                          0x08002001   Thumb Code     4  stm32f10x_tim.o(i.TIM_SetCompare3)
    TIM_TimeBaseInit                         0x08002005   Thumb Code   122  stm32f10x_tim.o(i.TIM_TimeBaseInit)
    UART1_Config                             0x080020a9   Thumb Code   166  bluetooth.o(i.UART1_Config)
    UART2_Config                             0x08002159   Thumb Code   158  bluetooth.o(i.UART2_Config)
    UART2_SendString                         0x08002201   Thumb Code    38  bluetooth.o(i.UART2_SendString)
    UART2_sendfloat                          0x0800222d   Thumb Code    32  bluetooth.o(i.UART2_sendfloat)
    UART3_Config                             0x08002255   Thumb Code   166  bluetooth.o(i.UART3_Config)
    UART3_SendChar                           0x08002305   Thumb Code    28  bluetooth.o(i.UART3_SendChar)
    USART1_IRQHandler                        0x08002325   Thumb Code    48  bluetooth.o(i.USART1_IRQHandler)
    USART2_IRQHandler                        0x08002361   Thumb Code   250  bluetooth.o(i.USART2_IRQHandler)
    USART3_IRQHandler                        0x0800246d   Thumb Code   142  bluetooth.o(i.USART3_IRQHandler)
    USART_ClearITPendingBit                  0x0800250d   Thumb Code    30  stm32f10x_usart.o(i.USART_ClearITPendingBit)
    USART_Cmd                                0x0800252b   Thumb Code    24  stm32f10x_usart.o(i.USART_Cmd)
    USART_GetFlagStatus                      0x08002543   Thumb Code    26  stm32f10x_usart.o(i.USART_GetFlagStatus)
    USART_GetITStatus                        0x0800255d   Thumb Code    84  stm32f10x_usart.o(i.USART_GetITStatus)
    USART_ITConfig                           0x080025b1   Thumb Code    74  stm32f10x_usart.o(i.USART_ITConfig)
    USART_Init                               0x080025fd   Thumb Code   210  stm32f10x_usart.o(i.USART_Init)
    USART_ReceiveData                        0x080026d5   Thumb Code    10  stm32f10x_usart.o(i.USART_ReceiveData)
    USART_SendData                           0x080026df   Thumb Code     8  stm32f10x_usart.o(i.USART_SendData)
    UsageFault_Handler                       0x080026e7   Thumb Code     4  stm32f10x_it.o(i.UsageFault_Handler)
    __ARM_fpclassify                         0x080026eb   Thumb Code    40  fpclassify.o(i.__ARM_fpclassify)
    _is_digit                                0x08002713   Thumb Code    14  __printf_wp.o(i._is_digit)
    _sys_exit                                0x08002721   Thumb Code     4  bluetooth.o(i._sys_exit)
    app_LineWalking                          0x08002725   Thumb Code   328  linewalking.o(i.app_LineWalking)
    auto_avoidance_mode                      0x0800286d   Thumb Code   280  mode.o(i.auto_avoidance_mode)
    bsp_GetLineWalking                       0x080029c9   Thumb Code    62  linewalking.o(i.bsp_GetLineWalking)
    fputc                                    0x08002a11   Thumb Code    32  bluetooth.o(i.fputc)
    handle_avoid_cmd                         0x08002a35   Thumb Code    52  bluetooth.o(i.handle_avoid_cmd)
    handle_avoid_off                         0x08002a79   Thumb Code     8  bluetooth.o(i.handle_avoid_off)
    handle_avoid_on                          0x08002a85   Thumb Code     8  bluetooth.o(i.handle_avoid_on)
    handle_backward                          0x08002a91   Thumb Code    14  bluetooth.o(i.handle_backward)
    handle_backward_cmd                      0x08002aa1   Thumb Code    52  bluetooth.o(i.handle_backward_cmd)
    handle_camera_down                       0x08002ae5   Thumb Code    44  bluetooth.o(i.handle_camera_down)
    handle_camera_down_cmd                   0x08002b15   Thumb Code    60  bluetooth.o(i.handle_camera_down_cmd)
    handle_camera_left                       0x08002b55   Thumb Code    46  bluetooth.o(i.handle_camera_left)
    handle_camera_left_cmd                   0x08002b89   Thumb Code    48  bluetooth.o(i.handle_camera_left_cmd)
    handle_camera_reset                      0x08002bbd   Thumb Code    48  bluetooth.o(i.handle_camera_reset)
    handle_camera_reset_cmd                  0x08002bf5   Thumb Code    56  bluetooth.o(i.handle_camera_reset_cmd)
    handle_camera_right                      0x08002c35   Thumb Code    46  bluetooth.o(i.handle_camera_right)
    handle_camera_right_cmd                  0x08002c69   Thumb Code    62  bluetooth.o(i.handle_camera_right_cmd)
    handle_camera_up                         0x08002cad   Thumb Code    44  bluetooth.o(i.handle_camera_up)
    handle_camera_up_cmd                     0x08002cdd   Thumb Code    60  bluetooth.o(i.handle_camera_up_cmd)
    handle_forward                           0x08002d1d   Thumb Code    12  bluetooth.o(i.handle_forward)
    handle_forward_cmd                       0x08002d29   Thumb Code    50  bluetooth.o(i.handle_forward_cmd)
    handle_left                              0x08002d6d   Thumb Code    12  bluetooth.o(i.handle_left)
    handle_left_cmd                          0x08002d79   Thumb Code    50  bluetooth.o(i.handle_left_cmd)
    handle_line_cmd                          0x08002dbd   Thumb Code    52  bluetooth.o(i.handle_line_cmd)
    handle_line_off                          0x08002e01   Thumb Code     8  bluetooth.o(i.handle_line_off)
    handle_line_on                           0x08002e0d   Thumb Code     8  bluetooth.o(i.handle_line_on)
    handle_right                             0x08002e19   Thumb Code    14  bluetooth.o(i.handle_right)
    handle_right_cmd                         0x08002e29   Thumb Code    52  bluetooth.o(i.handle_right_cmd)
    handle_stop                              0x08002e6d   Thumb Code    12  bluetooth.o(i.handle_stop)
    limit_to_range                           0x08002e79   Thumb Code    24  bluetooth.o(i.limit_to_range)
    limit_to_range1                          0x08002e91   Thumb Code    26  bluetooth.o(i.limit_to_range1)
    linewalking_task                         0x08002ead   Thumb Code    30  linewalking.o(i.linewalking_task)
    main                                     0x08002ed1   Thumb Code    96  main.o(i.main)
    _get_lc_numeric                          0x08002f49   Thumb Code    44  lc_numeric_c.o(locale$$code)
    __fpl_dretinf                            0x08002f75   Thumb Code    12  dretinf.o(x$fpl$dretinf)
    __aeabi_f2d                              0x08002f81   Thumb Code     0  f2d.o(x$fpl$f2d)
    _f2d                                     0x08002f81   Thumb Code    86  f2d.o(x$fpl$f2d)
    __aeabi_fadd                             0x08002fd9   Thumb Code     0  faddsub_clz.o(x$fpl$fadd)
    _fadd                                    0x08002fd9   Thumb Code   196  faddsub_clz.o(x$fpl$fadd)
    __fpl_fcmp_Inf                           0x0800309d   Thumb Code    24  fcmpi.o(x$fpl$fcmpinf)
    __aeabi_fdiv                             0x080030b5   Thumb Code     0  fdiv.o(x$fpl$fdiv)
    _fdiv                                    0x080030b5   Thumb Code   384  fdiv.o(x$fpl$fdiv)
    __aeabi_f2uiz                            0x08003239   Thumb Code     0  ffixu.o(x$fpl$ffixu)
    _ffixu                                   0x08003239   Thumb Code    62  ffixu.o(x$fpl$ffixu)
    __aeabi_i2f                              0x08003279   Thumb Code     0  fflt_clz.o(x$fpl$fflt)
    _fflt                                    0x08003279   Thumb Code    48  fflt_clz.o(x$fpl$fflt)
    __aeabi_ui2f                             0x080032a9   Thumb Code     0  fflt_clz.o(x$fpl$ffltu)
    _ffltu                                   0x080032a9   Thumb Code    38  fflt_clz.o(x$fpl$ffltu)
    __aeabi_cfcmple                          0x080032d1   Thumb Code     0  fleqf.o(x$fpl$fleqf)
    _fcmple                                  0x080032d1   Thumb Code   104  fleqf.o(x$fpl$fleqf)
    __fpl_fcmple_InfNaN                      0x08003323   Thumb Code     0  fleqf.o(x$fpl$fleqf)
    __aeabi_fmul                             0x08003339   Thumb Code     0  fmul.o(x$fpl$fmul)
    _fmul                                    0x08003339   Thumb Code   258  fmul.o(x$fpl$fmul)
    __fpl_fnaninf                            0x0800343b   Thumb Code   140  fnaninf.o(x$fpl$fnaninf)
    __fpl_fretinf                            0x080034c7   Thumb Code    10  fretinf.o(x$fpl$fretinf)
    __aeabi_cfrcmple                         0x080034d1   Thumb Code     0  frleqf.o(x$fpl$frleqf)
    _frcmple                                 0x080034d1   Thumb Code    98  frleqf.o(x$fpl$frleqf)
    __aeabi_fsub                             0x08003535   Thumb Code     0  faddsub_clz.o(x$fpl$fsub)
    _fsub                                    0x08003535   Thumb Code   234  faddsub_clz.o(x$fpl$fsub)
    _printf_fp_dec                           0x0800361f   Thumb Code     4  printf1.o(x$fpl$printf1)
    __I$use$fp                               0x08003622   Number         0  usenofp.o(x$fpl$usenofp)
    uart2_commands                           0x08003624   Data          88  bluetooth.o(.constdata)
    commands                                 0x0800367c   Data         168  bluetooth.o(.constdata)
    Region$$Table$$Base                      0x08003804   Number         0  anon$$obj.o(Region$$Table)
    Region$$Table$$Limit                     0x08003824   Number         0  anon$$obj.o(Region$$Table)
    CAREMA_zuoyou                            0x20000014   Data           2  bluetooth.o(.data)
    CAREMA_shangxia                          0x20000016   Data           1  bluetooth.o(.data)
    avoid_flag                               0x20000017   Data           1  bluetooth.o(.data)
    Auto_Line_flag                           0x20000018   Data           1  bluetooth.o(.data)
    ubRxIndex                                0x20000019   Data           1  bluetooth.o(.data)
    sendCounter                              0x2000001a   Data           1  bluetooth.o(.data)
    __stdout                                 0x2000001c   Data           4  bluetooth.o(.data)
    __stdin                                  0x20000020   Data           4  bluetooth.o(.data)
    Distance                                 0x20000024   Data           4  main.o(.data)
    aRxBuffer                                0x20000028   Data         200  bluetooth.o(.bss)
    __libspace_start                         0x200000f0   Data          96  libspace.o(.bss)
    __temporary_stack_top$libspace           0x20000150   Data           0  libspace.o(.bss)



==============================================================================

Memory Map of the image

  Image Entry point : 0x080000ed

  Load Region LR_IROM1 (Base: 0x08000000, Size: 0x00003868, Max: 0x00010000, ABSOLUTE)

    Execution Region ER_IROM1 (Exec base: 0x08000000, Load base: 0x08000000, Size: 0x00003840, Max: 0x00010000, ABSOLUTE)

    Exec Addr    Load Addr    Size         Type   Attr      Idx    E Section Name        Object

    0x08000000   0x08000000   0x000000ec   Data   RO            3    RESET               startup_stm32f10x_md.o
    0x080000ec   0x080000ec   0x00000008   Code   RO         4772  * !!!main             c_w.l(__main.o)
    0x080000f4   0x080000f4   0x00000034   Code   RO         5024    !!!scatter          c_w.l(__scatter.o)
    0x08000128   0x08000128   0x0000001a   Code   RO         5026    !!handler_copy      c_w.l(__scatter_copy.o)
    0x08000142   0x08000142   0x00000002   PAD
    0x08000144   0x08000144   0x0000001c   Code   RO         5028    !!handler_zi        c_w.l(__scatter_zi.o)
    0x08000160   0x08000160   0x00000000   Code   RO         4759    .ARM.Collect$$_printf_percent$$00000000  c_w.l(_printf_percent.o)
    0x08000160   0x08000160   0x00000006   Code   RO         4758    .ARM.Collect$$_printf_percent$$00000003  c_w.l(_printf_f.o)
    0x08000166   0x08000166   0x00000004   Code   RO         4813    .ARM.Collect$$_printf_percent$$00000017  c_w.l(_printf_percent_end.o)
    0x0800016a   0x0800016a   0x00000002   Code   RO         4901    .ARM.Collect$$libinit$$00000000  c_w.l(libinit.o)
    0x0800016c   0x0800016c   0x00000000   Code   RO         4903    .ARM.Collect$$libinit$$00000002  c_w.l(libinit2.o)
    0x0800016c   0x0800016c   0x00000000   Code   RO         4905    .ARM.Collect$$libinit$$00000004  c_w.l(libinit2.o)
    0x0800016c   0x0800016c   0x00000000   Code   RO         4908    .ARM.Collect$$libinit$$0000000A  c_w.l(libinit2.o)
    0x0800016c   0x0800016c   0x00000000   Code   RO         4910    .ARM.Collect$$libinit$$0000000C  c_w.l(libinit2.o)
    0x0800016c   0x0800016c   0x00000000   Code   RO         4912    .ARM.Collect$$libinit$$0000000E  c_w.l(libinit2.o)
    0x0800016c   0x0800016c   0x00000006   Code   RO         4913    .ARM.Collect$$libinit$$0000000F  c_w.l(libinit2.o)
    0x08000172   0x08000172   0x00000000   Code   RO         4915    .ARM.Collect$$libinit$$00000011  c_w.l(libinit2.o)
    0x08000172   0x08000172   0x00000000   Code   RO         4917    .ARM.Collect$$libinit$$00000013  c_w.l(libinit2.o)
    0x08000172   0x08000172   0x00000000   Code   RO         4919    .ARM.Collect$$libinit$$00000015  c_w.l(libinit2.o)
    0x08000172   0x08000172   0x0000000a   Code   RO         4920    .ARM.Collect$$libinit$$00000016  c_w.l(libinit2.o)
    0x0800017c   0x0800017c   0x00000000   Code   RO         4921    .ARM.Collect$$libinit$$00000017  c_w.l(libinit2.o)
    0x0800017c   0x0800017c   0x00000000   Code   RO         4923    .ARM.Collect$$libinit$$00000019  c_w.l(libinit2.o)
    0x0800017c   0x0800017c   0x00000000   Code   RO         4925    .ARM.Collect$$libinit$$0000001B  c_w.l(libinit2.o)
    0x0800017c   0x0800017c   0x00000000   Code   RO         4927    .ARM.Collect$$libinit$$0000001D  c_w.l(libinit2.o)
    0x0800017c   0x0800017c   0x00000000   Code   RO         4929    .ARM.Collect$$libinit$$0000001F  c_w.l(libinit2.o)
    0x0800017c   0x0800017c   0x00000000   Code   RO         4931    .ARM.Collect$$libinit$$00000021  c_w.l(libinit2.o)
    0x0800017c   0x0800017c   0x00000000   Code   RO         4933    .ARM.Collect$$libinit$$00000023  c_w.l(libinit2.o)
    0x0800017c   0x0800017c   0x00000000   Code   RO         4935    .ARM.Collect$$libinit$$00000025  c_w.l(libinit2.o)
    0x0800017c   0x0800017c   0x00000000   Code   RO         4939    .ARM.Collect$$libinit$$0000002C  c_w.l(libinit2.o)
    0x0800017c   0x0800017c   0x00000000   Code   RO         4941    .ARM.Collect$$libinit$$0000002E  c_w.l(libinit2.o)
    0x0800017c   0x0800017c   0x00000000   Code   RO         4943    .ARM.Collect$$libinit$$00000030  c_w.l(libinit2.o)
    0x0800017c   0x0800017c   0x00000000   Code   RO         4945    .ARM.Collect$$libinit$$00000032  c_w.l(libinit2.o)
    0x0800017c   0x0800017c   0x00000002   Code   RO         4946    .ARM.Collect$$libinit$$00000033  c_w.l(libinit2.o)
    0x0800017e   0x0800017e   0x00000002   Code   RO         4974    .ARM.Collect$$libshutdown$$00000000  c_w.l(libshutdown.o)
    0x08000180   0x08000180   0x00000000   Code   RO         4983    .ARM.Collect$$libshutdown$$00000002  c_w.l(libshutdown2.o)
    0x08000180   0x08000180   0x00000000   Code   RO         4985    .ARM.Collect$$libshutdown$$00000004  c_w.l(libshutdown2.o)
    0x08000180   0x08000180   0x00000000   Code   RO         4988    .ARM.Collect$$libshutdown$$00000007  c_w.l(libshutdown2.o)
    0x08000180   0x08000180   0x00000000   Code   RO         4991    .ARM.Collect$$libshutdown$$0000000A  c_w.l(libshutdown2.o)
    0x08000180   0x08000180   0x00000000   Code   RO         4993    .ARM.Collect$$libshutdown$$0000000C  c_w.l(libshutdown2.o)
    0x08000180   0x08000180   0x00000000   Code   RO         4996    .ARM.Collect$$libshutdown$$0000000F  c_w.l(libshutdown2.o)
    0x08000180   0x08000180   0x00000002   Code   RO         4997    .ARM.Collect$$libshutdown$$00000010  c_w.l(libshutdown2.o)
    0x08000182   0x08000182   0x00000000   Code   RO         4804    .ARM.Collect$$rtentry$$00000000  c_w.l(__rtentry.o)
    0x08000182   0x08000182   0x00000000   Code   RO         4826    .ARM.Collect$$rtentry$$00000002  c_w.l(__rtentry2.o)
    0x08000182   0x08000182   0x00000006   Code   RO         4838    .ARM.Collect$$rtentry$$00000004  c_w.l(__rtentry4.o)
    0x08000188   0x08000188   0x00000000   Code   RO         4828    .ARM.Collect$$rtentry$$00000009  c_w.l(__rtentry2.o)
    0x08000188   0x08000188   0x00000004   Code   RO         4829    .ARM.Collect$$rtentry$$0000000A  c_w.l(__rtentry2.o)
    0x0800018c   0x0800018c   0x00000000   Code   RO         4831    .ARM.Collect$$rtentry$$0000000C  c_w.l(__rtentry2.o)
    0x0800018c   0x0800018c   0x00000008   Code   RO         4832    .ARM.Collect$$rtentry$$0000000D  c_w.l(__rtentry2.o)
    0x08000194   0x08000194   0x00000002   Code   RO         4947    .ARM.Collect$$rtexit$$00000000  c_w.l(rtexit.o)
    0x08000196   0x08000196   0x00000000   Code   RO         4954    .ARM.Collect$$rtexit$$00000002  c_w.l(rtexit2.o)
    0x08000196   0x08000196   0x00000004   Code   RO         4955    .ARM.Collect$$rtexit$$00000003  c_w.l(rtexit2.o)
    0x0800019a   0x0800019a   0x00000006   Code   RO         4956    .ARM.Collect$$rtexit$$00000004  c_w.l(rtexit2.o)
    0x080001a0   0x080001a0   0x00000040   Code   RO            4    .text               startup_stm32f10x_md.o
    0x080001e0   0x080001e0   0x00000002   Code   RO         4726    .text               c_w.l(use_no_semi.o)
    0x080001e2   0x080001e2   0x00000002   PAD
    0x080001e4   0x080001e4   0x00000018   Code   RO         4732    .text               c_w.l(noretval__2printf.o)
    0x080001fc   0x080001fc   0x00000028   Code   RO         4734    .text               c_w.l(noretval__2sprintf.o)
    0x08000224   0x08000224   0x0000010e   Code   RO         4746    .text               c_w.l(__printf_wp.o)
    0x08000332   0x08000332   0x00000096   Code   RO         4760    .text               c_w.l(strncmp.o)
    0x080003c8   0x080003c8   0x00000056   Code   RO         4766    .text               c_w.l(strncpy.o)
    0x0800041e   0x0800041e   0x00000002   PAD
    0x08000420   0x08000420   0x00000080   Code   RO         4768    .text               c_w.l(strcmpv7m.o)
    0x080004a0   0x080004a0   0x00000006   Code   RO         4770    .text               c_w.l(heapauxi.o)
    0x080004a6   0x080004a6   0x0000041e   Code   RO         4805    .text               c_w.l(_printf_fp_dec.o)
    0x080008c4   0x080008c4   0x00000030   Code   RO         4807    .text               c_w.l(_printf_char_common.o)
    0x080008f4   0x080008f4   0x0000000a   Code   RO         4809    .text               c_w.l(_sputc.o)
    0x080008fe   0x080008fe   0x00000002   PAD
    0x08000900   0x08000900   0x00000024   Code   RO         4811    .text               c_w.l(_printf_char_file.o)
    0x08000924   0x08000924   0x00000044   Code   RO         4814    .text               c_w.l(rt_memclr.o)
    0x08000968   0x08000968   0x00000008   Code   RO         4843    .text               c_w.l(rt_locale_intlibspace.o)
    0x08000970   0x08000970   0x0000008a   Code   RO         4845    .text               c_w.l(lludiv10.o)
    0x080009fa   0x080009fa   0x00000002   PAD
    0x080009fc   0x080009fc   0x00000080   Code   RO         4847    .text               c_w.l(_printf_fp_infnan.o)
    0x08000a7c   0x08000a7c   0x000000e4   Code   RO         4851    .text               c_w.l(bigflt0.o)
    0x08000b60   0x08000b60   0x00000008   Code   RO         4876    .text               c_w.l(ferror.o)
    0x08000b68   0x08000b68   0x0000004e   Code   RO         4883    .text               c_w.l(rt_memclr_w.o)
    0x08000bb6   0x08000bb6   0x00000002   PAD
    0x08000bb8   0x08000bb8   0x00000008   Code   RO         4889    .text               c_w.l(libspace.o)
    0x08000bc0   0x08000bc0   0x0000004a   Code   RO         4892    .text               c_w.l(sys_stackheap_outer.o)
    0x08000c0a   0x08000c0a   0x00000012   Code   RO         4894    .text               c_w.l(exit.o)
    0x08000c1c   0x08000c1c   0x0000003e   Code   RO         4854    CL$$btod_d2e        c_w.l(btod.o)
    0x08000c5a   0x08000c5a   0x00000046   Code   RO         4856    CL$$btod_d2e_denorm_low  c_w.l(btod.o)
    0x08000ca0   0x08000ca0   0x00000060   Code   RO         4855    CL$$btod_d2e_norm_op1  c_w.l(btod.o)
    0x08000d00   0x08000d00   0x00000338   Code   RO         4864    CL$$btod_div_common  c_w.l(btod.o)
    0x08001038   0x08001038   0x000000dc   Code   RO         4861    CL$$btod_e2e        c_w.l(btod.o)
    0x08001114   0x08001114   0x0000002a   Code   RO         4858    CL$$btod_ediv       c_w.l(btod.o)
    0x0800113e   0x0800113e   0x0000002a   Code   RO         4857    CL$$btod_emul       c_w.l(btod.o)
    0x08001168   0x08001168   0x00000244   Code   RO         4863    CL$$btod_mult_common  c_w.l(btod.o)
    0x080013ac   0x080013ac   0x00000004   Code   RO         4054    i.BusFault_Handler  stm32f10x_it.o
    0x080013b0   0x080013b0   0x00000002   Code   RO         4055    i.DebugMon_Handler  stm32f10x_it.o
    0x080013b2   0x080013b2   0x00000018   Code   RO         3196    i.Delay_ms          delay.o
    0x080013ca   0x080013ca   0x0000002e   Code   RO         3198    i.Delay_us          delay.o
    0x080013f8   0x080013f8   0x00000116   Code   RO         1347    i.GPIO_Init         stm32f10x_gpio.o
    0x0800150e   0x0800150e   0x00000002   PAD
    0x08001510   0x08001510   0x00000090   Code   RO         1349    i.GPIO_PinRemapConfig  stm32f10x_gpio.o
    0x080015a0   0x080015a0   0x00000012   Code   RO         1351    i.GPIO_ReadInputDataBit  stm32f10x_gpio.o
    0x080015b2   0x080015b2   0x00000004   Code   RO         1354    i.GPIO_ResetBits    stm32f10x_gpio.o
    0x080015b6   0x080015b6   0x00000004   Code   RO         1355    i.GPIO_SetBits      stm32f10x_gpio.o
    0x080015ba   0x080015ba   0x00000002   PAD
    0x080015bc   0x080015bc   0x000000dc   Code   RO         3476    i.HCSR04_Distance   hcsr04.o
    0x08001698   0x08001698   0x0000007c   Code   RO         3477    i.HCSR04_Init       hcsr04.o
    0x08001714   0x08001714   0x00000004   Code   RO         4056    i.HardFault_Handler  stm32f10x_it.o
    0x08001718   0x08001718   0x0000005c   Code   RO         3388    i.LeftMotor_Speed   motor.o
    0x08001774   0x08001774   0x00000074   Code   RO         3702    i.LineWalking_GPIO_Init  linewalking.o
    0x080017e8   0x080017e8   0x00000004   Code   RO         4057    i.MemManage_Handler  stm32f10x_it.o
    0x080017ec   0x080017ec   0x0000003c   Code   RO         3389    i.Motor_Init        motor.o
    0x08001828   0x08001828   0x00000014   Code   RO         3434    i.Move_Forward      smartcar.o
    0x0800183c   0x0800183c   0x00000002   Code   RO         4058    i.NMI_Handler       stm32f10x_it.o
    0x0800183e   0x0800183e   0x00000002   PAD
    0x08001840   0x08001840   0x00000070   Code   RO          137    i.NVIC_Init         misc.o
    0x080018b0   0x080018b0   0x00000014   Code   RO          138    i.NVIC_PriorityGroupConfig  misc.o
    0x080018c4   0x080018c4   0x0000011c   Code   RO         3343    i.PWM_Init          pwm.o
    0x080019e0   0x080019e0   0x00000010   Code   RO         3344    i.PWM_SetCompare0   pwm.o
    0x080019f0   0x080019f0   0x00000010   Code   RO         3345    i.PWM_SetCompare1   pwm.o
    0x08001a00   0x08001a00   0x00000014   Code   RO         3346    i.PWM_SetCompare3   pwm.o
    0x08001a14   0x08001a14   0x00000014   Code   RO         3347    i.PWM_SetCompare4   pwm.o
    0x08001a28   0x08001a28   0x00000014   Code   RO         3348    i.PWM_SetCompare5   pwm.o
    0x08001a3c   0x08001a3c   0x00000002   Code   RO         4059    i.PendSV_Handler    stm32f10x_it.o
    0x08001a3e   0x08001a3e   0x00000002   PAD
    0x08001a40   0x08001a40   0x00000020   Code   RO         1775    i.RCC_APB1PeriphClockCmd  stm32f10x_rcc.o
    0x08001a60   0x08001a60   0x00000020   Code   RO         1777    i.RCC_APB2PeriphClockCmd  stm32f10x_rcc.o
    0x08001a80   0x08001a80   0x000000d4   Code   RO         1785    i.RCC_GetClocksFreq  stm32f10x_rcc.o
    0x08001b54   0x08001b54   0x0000005c   Code   RO         3390    i.RightMotor_Speed  motor.o
    0x08001bb0   0x08001bb0   0x00000002   Code   RO         4060    i.SVC_Handler       stm32f10x_it.o
    0x08001bb2   0x08001bb2   0x00000002   PAD
    0x08001bb4   0x08001bb4   0x0000003c   Code   RO         3452    i.Servo_SetAngle    duoji.o
    0x08001bf0   0x08001bf0   0x0000003c   Code   RO         3453    i.Servo_SetAngle7   duoji.o
    0x08001c2c   0x08001c2c   0x0000003c   Code   RO         3454    i.Servo_SetAngle8   duoji.o
    0x08001c68   0x08001c68   0x0000001e   Code   RO         3980    i.Servo_TurnAndDetect  mode.o
    0x08001c86   0x08001c86   0x00000008   Code   RO           24    i.SetSysClock       system_stm32f10x.o
    0x08001c8e   0x08001c8e   0x00000002   PAD
    0x08001c90   0x08001c90   0x000000e0   Code   RO           25    i.SetSysClockTo72   system_stm32f10x.o
    0x08001d70   0x08001d70   0x00000008   Code   RO         3435    i.SmartCar_Init     smartcar.o
    0x08001d78   0x08001d78   0x00000002   Code   RO         4061    i.SysTick_Handler   stm32f10x_it.o
    0x08001d7a   0x08001d7a   0x00000002   PAD
    0x08001d7c   0x08001d7c   0x00000060   Code   RO           27    i.SystemInit        system_stm32f10x.o
    0x08001ddc   0x08001ddc   0x00000018   Code   RO         2421    i.TIM_Cmd           stm32f10x_tim.o
    0x08001df4   0x08001df4   0x00000006   Code   RO         2440    i.TIM_GetCounter    stm32f10x_tim.o
    0x08001dfa   0x08001dfa   0x0000000c   Code   RO         2448    i.TIM_InternalClockConfig  stm32f10x_tim.o
    0x08001e06   0x08001e06   0x00000002   PAD
    0x08001e08   0x08001e08   0x00000098   Code   RO         2450    i.TIM_OC1Init       stm32f10x_tim.o
    0x08001ea0   0x08001ea0   0x000000a4   Code   RO         2455    i.TIM_OC2Init       stm32f10x_tim.o
    0x08001f44   0x08001f44   0x000000a0   Code   RO         2460    i.TIM_OC3Init       stm32f10x_tim.o
    0x08001fe4   0x08001fe4   0x00000014   Code   RO         2468    i.TIM_OCStructInit  stm32f10x_tim.o
    0x08001ff8   0x08001ff8   0x00000004   Code   RO         2482    i.TIM_SetCompare1   stm32f10x_tim.o
    0x08001ffc   0x08001ffc   0x00000004   Code   RO         2483    i.TIM_SetCompare2   stm32f10x_tim.o
    0x08002000   0x08002000   0x00000004   Code   RO         2484    i.TIM_SetCompare3   stm32f10x_tim.o
    0x08002004   0x08002004   0x000000a4   Code   RO         2492    i.TIM_TimeBaseInit  stm32f10x_tim.o
    0x080020a8   0x080020a8   0x000000b0   Code   RO         3736    i.UART1_Config      bluetooth.o
    0x08002158   0x08002158   0x000000a8   Code   RO         3737    i.UART2_Config      bluetooth.o
    0x08002200   0x08002200   0x0000002c   Code   RO         3738    i.UART2_SendString  bluetooth.o
    0x0800222c   0x0800222c   0x00000028   Code   RO         3739    i.UART2_sendfloat   bluetooth.o
    0x08002254   0x08002254   0x000000b0   Code   RO         3740    i.UART3_Config      bluetooth.o
    0x08002304   0x08002304   0x00000020   Code   RO         3741    i.UART3_SendChar    bluetooth.o
    0x08002324   0x08002324   0x0000003c   Code   RO         3742    i.USART1_IRQHandler  bluetooth.o
    0x08002360   0x08002360   0x0000010c   Code   RO         3743    i.USART2_IRQHandler  bluetooth.o
    0x0800246c   0x0800246c   0x000000a0   Code   RO         3744    i.USART3_IRQHandler  bluetooth.o
    0x0800250c   0x0800250c   0x0000001e   Code   RO         2957    i.USART_ClearITPendingBit  stm32f10x_usart.o
    0x0800252a   0x0800252a   0x00000018   Code   RO         2960    i.USART_Cmd         stm32f10x_usart.o
    0x08002542   0x08002542   0x0000001a   Code   RO         2963    i.USART_GetFlagStatus  stm32f10x_usart.o
    0x0800255c   0x0800255c   0x00000054   Code   RO         2964    i.USART_GetITStatus  stm32f10x_usart.o
    0x080025b0   0x080025b0   0x0000004a   Code   RO         2966    i.USART_ITConfig    stm32f10x_usart.o
    0x080025fa   0x080025fa   0x00000002   PAD
    0x080025fc   0x080025fc   0x000000d8   Code   RO         2967    i.USART_Init        stm32f10x_usart.o
    0x080026d4   0x080026d4   0x0000000a   Code   RO         2974    i.USART_ReceiveData  stm32f10x_usart.o
    0x080026de   0x080026de   0x00000008   Code   RO         2977    i.USART_SendData    stm32f10x_usart.o
    0x080026e6   0x080026e6   0x00000004   Code   RO         4062    i.UsageFault_Handler  stm32f10x_it.o
    0x080026ea   0x080026ea   0x00000028   Code   RO         4887    i.__ARM_fpclassify  m_ws.l(fpclassify.o)
    0x08002712   0x08002712   0x0000000e   Code   RO         4748    i._is_digit         c_w.l(__printf_wp.o)
    0x08002720   0x08002720   0x00000004   Code   RO         3745    i._sys_exit         bluetooth.o
    0x08002724   0x08002724   0x00000148   Code   RO         3703    i.app_LineWalking   linewalking.o
    0x0800286c   0x0800286c   0x0000015c   Code   RO         3981    i.auto_avoidance_mode  mode.o
    0x080029c8   0x080029c8   0x00000048   Code   RO         3704    i.bsp_GetLineWalking  linewalking.o
    0x08002a10   0x08002a10   0x00000024   Code   RO         3746    i.fputc             bluetooth.o
    0x08002a34   0x08002a34   0x00000044   Code   RO         3747    i.handle_avoid_cmd  bluetooth.o
    0x08002a78   0x08002a78   0x0000000c   Code   RO         3748    i.handle_avoid_off  bluetooth.o
    0x08002a84   0x08002a84   0x0000000c   Code   RO         3749    i.handle_avoid_on   bluetooth.o
    0x08002a90   0x08002a90   0x0000000e   Code   RO         3750    i.handle_backward   bluetooth.o
    0x08002a9e   0x08002a9e   0x00000002   PAD
    0x08002aa0   0x08002aa0   0x00000044   Code   RO         3751    i.handle_backward_cmd  bluetooth.o
    0x08002ae4   0x08002ae4   0x00000030   Code   RO         3752    i.handle_camera_down  bluetooth.o
    0x08002b14   0x08002b14   0x00000040   Code   RO         3753    i.handle_camera_down_cmd  bluetooth.o
    0x08002b54   0x08002b54   0x00000034   Code   RO         3754    i.handle_camera_left  bluetooth.o
    0x08002b88   0x08002b88   0x00000034   Code   RO         3755    i.handle_camera_left_cmd  bluetooth.o
    0x08002bbc   0x08002bbc   0x00000038   Code   RO         3756    i.handle_camera_reset  bluetooth.o
    0x08002bf4   0x08002bf4   0x00000040   Code   RO         3757    i.handle_camera_reset_cmd  bluetooth.o
    0x08002c34   0x08002c34   0x00000034   Code   RO         3758    i.handle_camera_right  bluetooth.o
    0x08002c68   0x08002c68   0x00000044   Code   RO         3759    i.handle_camera_right_cmd  bluetooth.o
    0x08002cac   0x08002cac   0x00000030   Code   RO         3760    i.handle_camera_up  bluetooth.o
    0x08002cdc   0x08002cdc   0x00000040   Code   RO         3761    i.handle_camera_up_cmd  bluetooth.o
    0x08002d1c   0x08002d1c   0x0000000c   Code   RO         3762    i.handle_forward    bluetooth.o
    0x08002d28   0x08002d28   0x00000044   Code   RO         3763    i.handle_forward_cmd  bluetooth.o
    0x08002d6c   0x08002d6c   0x0000000c   Code   RO         3764    i.handle_left       bluetooth.o
    0x08002d78   0x08002d78   0x00000044   Code   RO         3765    i.handle_left_cmd   bluetooth.o
    0x08002dbc   0x08002dbc   0x00000044   Code   RO         3766    i.handle_line_cmd   bluetooth.o
    0x08002e00   0x08002e00   0x0000000c   Code   RO         3767    i.handle_line_off   bluetooth.o
    0x08002e0c   0x08002e0c   0x0000000c   Code   RO         3768    i.handle_line_on    bluetooth.o
    0x08002e18   0x08002e18   0x0000000e   Code   RO         3769    i.handle_right      bluetooth.o
    0x08002e26   0x08002e26   0x00000002   PAD
    0x08002e28   0x08002e28   0x00000044   Code   RO         3770    i.handle_right_cmd  bluetooth.o
    0x08002e6c   0x08002e6c   0x0000000c   Code   RO         3771    i.handle_stop       bluetooth.o
    0x08002e78   0x08002e78   0x00000018   Code   RO         3772    i.limit_to_range    bluetooth.o
    0x08002e90   0x08002e90   0x0000001a   Code   RO         3773    i.limit_to_range1   bluetooth.o
    0x08002eaa   0x08002eaa   0x00000002   PAD
    0x08002eac   0x08002eac   0x00000024   Code   RO         3705    i.linewalking_task  linewalking.o
    0x08002ed0   0x08002ed0   0x00000078   Code   RO         4008    i.main              main.o
    0x08002f48   0x08002f48   0x0000002c   Code   RO         4881    locale$$code        c_w.l(lc_numeric_c.o)
    0x08002f74   0x08002f74   0x0000000c   Code   RO         4816    x$fpl$dretinf       fz_ws.l(dretinf.o)
    0x08002f80   0x08002f80   0x00000056   Code   RO         4774    x$fpl$f2d           fz_ws.l(f2d.o)
    0x08002fd6   0x08002fd6   0x00000002   PAD
    0x08002fd8   0x08002fd8   0x000000c4   Code   RO         4776    x$fpl$fadd          fz_ws.l(faddsub_clz.o)
    0x0800309c   0x0800309c   0x00000018   Code   RO         4818    x$fpl$fcmpinf       fz_ws.l(fcmpi.o)
    0x080030b4   0x080030b4   0x00000184   Code   RO         4783    x$fpl$fdiv          fz_ws.l(fdiv.o)
    0x08003238   0x08003238   0x0000003e   Code   RO         4786    x$fpl$ffixu         fz_ws.l(ffixu.o)
    0x08003276   0x08003276   0x00000002   PAD
    0x08003278   0x08003278   0x00000030   Code   RO         4791    x$fpl$fflt          fz_ws.l(fflt_clz.o)
    0x080032a8   0x080032a8   0x00000026   Code   RO         4790    x$fpl$ffltu         fz_ws.l(fflt_clz.o)
    0x080032ce   0x080032ce   0x00000002   PAD
    0x080032d0   0x080032d0   0x00000068   Code   RO         4796    x$fpl$fleqf         fz_ws.l(fleqf.o)
    0x08003338   0x08003338   0x00000102   Code   RO         4798    x$fpl$fmul          fz_ws.l(fmul.o)
    0x0800343a   0x0800343a   0x0000008c   Code   RO         4820    x$fpl$fnaninf       fz_ws.l(fnaninf.o)
    0x080034c6   0x080034c6   0x0000000a   Code   RO         4822    x$fpl$fretinf       fz_ws.l(fretinf.o)
    0x080034d0   0x080034d0   0x00000062   Code   RO         4800    x$fpl$frleqf        fz_ws.l(frleqf.o)
    0x08003532   0x08003532   0x00000002   PAD
    0x08003534   0x08003534   0x000000ea   Code   RO         4778    x$fpl$fsub          fz_ws.l(faddsub_clz.o)
    0x0800361e   0x0800361e   0x00000004   Code   RO         4802    x$fpl$printf1       fz_ws.l(printf1.o)
    0x08003622   0x08003622   0x00000000   Code   RO         4824    x$fpl$usenofp       fz_ws.l(usenofp.o)
    0x08003622   0x08003622   0x00000002   PAD
    0x08003624   0x08003624   0x00000100   Data   RO         3775    .constdata          bluetooth.o
    0x08003724   0x08003724   0x00000094   Data   RO         4852    .constdata          c_w.l(bigflt0.o)
    0x080037b8   0x080037b8   0x0000004b   Data   RO         3776    .conststring        bluetooth.o
    0x08003803   0x08003803   0x00000001   PAD
    0x08003804   0x08003804   0x00000020   Data   RO         5022    Region$$Table       anon$$obj.o
    0x08003824   0x08003824   0x0000001c   Data   RO         4880    locale$$data        c_w.l(lc_numeric_c.o)


    Execution Region RW_IRAM1 (Exec base: 0x20000000, Load base: 0x08003840, Size: 0x00001350, Max: 0x00005000, ABSOLUTE)

    Exec Addr    Load Addr    Size         Type   Attr      Idx    E Section Name        Object

    0x20000000   0x08003840   0x00000014   Data   RW         1805    .data               stm32f10x_rcc.o
    0x20000014   0x08003854   0x00000010   Data   RW         3777    .data               bluetooth.o
    0x20000024   0x08003864   0x00000004   Data   RW         4009    .data               main.o
    0x20000028        -       0x000000c8   Zero   RW         3774    .bss                bluetooth.o
    0x200000f0        -       0x00000060   Zero   RW         4890    .bss                c_w.l(libspace.o)
    0x20000150        -       0x00000200   Zero   RW            2    HEAP                startup_stm32f10x_md.o
    0x20000350        -       0x00001000   Zero   RW            1    STACK               startup_stm32f10x_md.o


==============================================================================

Image component sizes


      Code (inc. data)   RO Data    RW Data    ZI Data      Debug   Object Name

      2302        270        331         16        200      21945   bluetooth.o
         0          0          0          0          0       4508   core_cm3.o
        70          0          0          0          0        906   delay.o
       180         36          0          0          0       1469   duoji.o
       344         26          0          0          0       1284   hcsr04.o
       552         20          0          0          0       2474   linewalking.o
       120         24          0          4          0        682   main.o
       132         22          0          0          0     204703   misc.o
       378         68          0          0          0       1220   mode.o
       244         22          0          0          0       1530   motor.o
       376         30          0          0          0       3093   pwm.o
        28          0          0          0          0        967   smartcar.o
        64         26        236          0       4608        808   startup_stm32f10x_md.o
         0          0          0          0          0       1648   stm32f10x_adc.o
       448          6          0          0          0      12522   stm32f10x_gpio.o
        26          0          0          0          0       3650   stm32f10x_it.o
       276         32          0         20          0      12902   stm32f10x_rcc.o
       714         82          0          0          0      26823   stm32f10x_tim.o
       472          6          0          0          0      12379   stm32f10x_usart.o
       328         28          0          0          0      45137   system_stm32f10x.o

    ----------------------------------------------------------------------
      7078        698        600         40       4808     360650   Object Totals
         0          0         32          0          0          0   (incl. Generated)
        24          0          1          0          0          0   (incl. Padding)

    ----------------------------------------------------------------------

      Code (inc. data)   RO Data    RW Data    ZI Data      Debug   Library Member Name

         8          0          0          0          0         68   __main.o
       284          0          0          0          0        156   __printf_wp.o
         0          0          0          0          0          0   __rtentry.o
        12          0          0          0          0          0   __rtentry2.o
         6          0          0          0          0          0   __rtentry4.o
        52          8          0          0          0          0   __scatter.o
        26          0          0          0          0          0   __scatter_copy.o
        28          0          0          0          0          0   __scatter_zi.o
        48          6          0          0          0         96   _printf_char_common.o
        36          4          0          0          0         80   _printf_char_file.o
         6          0          0          0          0          0   _printf_f.o
      1054          0          0          0          0        216   _printf_fp_dec.o
       128         16          0          0          0         84   _printf_fp_infnan.o
         0          0          0          0          0          0   _printf_percent.o
         4          0          0          0          0          0   _printf_percent_end.o
        10          0          0          0          0         68   _sputc.o
       228          4        148          0          0         96   bigflt0.o
      1936        128          0          0          0        672   btod.o
        18          0          0          0          0         80   exit.o
         8          0          0          0          0         68   ferror.o
         6          0          0          0          0        152   heapauxi.o
        44         10         28          0          0         76   lc_numeric_c.o
         2          0          0          0          0          0   libinit.o
        18          0          0          0          0          0   libinit2.o
         2          0          0          0          0          0   libshutdown.o
         2          0          0          0          0          0   libshutdown2.o
         8          4          0          0         96         68   libspace.o
       138          0          0          0          0         80   lludiv10.o
        24          4          0          0          0         84   noretval__2printf.o
        40          6          0          0          0         84   noretval__2sprintf.o
         8          4          0          0          0         68   rt_locale_intlibspace.o
        68          0          0          0          0         68   rt_memclr.o
        78          0          0          0          0         80   rt_memclr_w.o
         2          0          0          0          0          0   rtexit.o
        10          0          0          0          0          0   rtexit2.o
       128          0          0          0          0         68   strcmpv7m.o
       150          0          0          0          0         80   strncmp.o
        86          0          0          0          0         76   strncpy.o
        74          0          0          0          0         80   sys_stackheap_outer.o
         2          0          0          0          0         68   use_no_semi.o
        12          0          0          0          0         68   dretinf.o
        86          4          0          0          0         84   f2d.o
       430          8          0          0          0        168   faddsub_clz.o
        24          0          0          0          0         68   fcmpi.o
       388         76          0          0          0         96   fdiv.o
        62          4          0          0          0         84   ffixu.o
        86          0          0          0          0        136   fflt_clz.o
       104          4          0          0          0         84   fleqf.o
       258          4          0          0          0         84   fmul.o
       140          4          0          0          0         84   fnaninf.o
        10          0          0          0          0         68   fretinf.o
        98          0          0          0          0         68   frleqf.o
         4          0          0          0          0         68   printf1.o
         0          0          0          0          0          0   usenofp.o
        40          0          0          0          0         68   fpclassify.o

    ----------------------------------------------------------------------
      6546        298        176          0         96       4044   Library Totals
        22          0          0          0          0          0   (incl. Padding)

    ----------------------------------------------------------------------

      Code (inc. data)   RO Data    RW Data    ZI Data      Debug   Library Name

      4782        194        176          0         96       2816   c_w.l
      1702        104          0          0          0       1160   fz_ws.l
        40          0          0          0          0         68   m_ws.l

    ----------------------------------------------------------------------
      6546        298        176          0         96       4044   Library Totals

    ----------------------------------------------------------------------

==============================================================================


      Code (inc. data)   RO Data    RW Data    ZI Data      Debug   

     13624        996        776         40       4904     357150   Grand Totals
     13624        996        776         40       4904     357150   ELF Image Totals
     13624        996        776         40          0          0   ROM Totals

==============================================================================

    Total RO  Size (Code + RO Data)                14400 (  14.06kB)
    Total RW  Size (RW Data + ZI Data)              4944 (   4.83kB)
    Total ROM Size (Code + RO Data + RW Data)      14440 (  14.10kB)

==============================================================================

